<?xml version="1.0" encoding="ISO-8859-1" ?>
<link_info>
   <banner>TI ARM Linker PC v20.2.5.LTS</banner>
   <copyright>Copyright (c) 1996-2018 Texas Instruments Incorporated</copyright>
   <link_time>0x61b0da62</link_time>
   <link_errors>0x0</link_errors>
   <output_file>DriverLibrary.out</output_file>
   <entry_point>
      <name>_c_int00_noargs</name>
      <address>0x17649</address>
   </entry_point>
   <input_file_list>
      <input_file id="fl-2">
         <path>.\</path>
         <kind>object</kind>
         <file>Bump.obj</file>
         <name>Bump.obj</name>
      </input_file>
      <input_file id="fl-3">
         <path>.\</path>
         <kind>object</kind>
         <file>Clock_DL.obj</file>
         <name>Clock_DL.obj</name>
      </input_file>
      <input_file id="fl-4">
         <path>.\</path>
         <kind>object</kind>
         <file>InterruptsMain.obj</file>
         <name>InterruptsMain.obj</name>
      </input_file>
      <input_file id="fl-5">
         <path>.\</path>
         <kind>object</kind>
         <file>LaunchPad.obj</file>
         <name>LaunchPad.obj</name>
      </input_file>
      <input_file id="fl-6">
         <path>.\</path>
         <kind>object</kind>
         <file>Motor_Skeleton.obj</file>
         <name>Motor_Skeleton.obj</name>
      </input_file>
      <input_file id="fl-7">
         <path>.\</path>
         <kind>object</kind>
         <file>Nokia5110_skeleton.obj</file>
         <name>Nokia5110_skeleton.obj</name>
      </input_file>
      <input_file id="fl-8">
         <path>.\</path>
         <kind>object</kind>
         <file>PWM.obj</file>
         <name>PWM.obj</name>
      </input_file>
      <input_file id="fl-9">
         <path>.\</path>
         <kind>object</kind>
         <file>Reflectance.obj</file>
         <name>Reflectance.obj</name>
      </input_file>
      <input_file id="fl-a">
         <path>.\</path>
         <kind>object</kind>
         <file>adc14.obj</file>
         <name>adc14.obj</name>
      </input_file>
      <input_file id="fl-b">
         <path>.\</path>
         <kind>object</kind>
         <file>aes256.obj</file>
         <name>aes256.obj</name>
      </input_file>
      <input_file id="fl-c">
         <path>.\</path>
         <kind>object</kind>
         <file>bmi160.obj</file>
         <name>bmi160.obj</name>
      </input_file>
      <input_file id="fl-d">
         <path>.\</path>
         <kind>object</kind>
         <file>bmi160_support.obj</file>
         <name>bmi160_support.obj</name>
      </input_file>
      <input_file id="fl-e">
         <path>.\</path>
         <kind>object</kind>
         <file>comp_e.obj</file>
         <name>comp_e.obj</name>
      </input_file>
      <input_file id="fl-f">
         <path>.\</path>
         <kind>object</kind>
         <file>cpu.obj</file>
         <name>cpu.obj</name>
      </input_file>
      <input_file id="fl-10">
         <path>.\</path>
         <kind>object</kind>
         <file>crc32.obj</file>
         <name>crc32.obj</name>
      </input_file>
      <input_file id="fl-11">
         <path>.\</path>
         <kind>object</kind>
         <file>cs.obj</file>
         <name>cs.obj</name>
      </input_file>
      <input_file id="fl-12">
         <path>.\</path>
         <kind>object</kind>
         <file>demo_sysctl.obj</file>
         <name>demo_sysctl.obj</name>
      </input_file>
      <input_file id="fl-13">
         <path>.\</path>
         <kind>object</kind>
         <file>dma.obj</file>
         <name>dma.obj</name>
      </input_file>
      <input_file id="fl-14">
         <path>.\</path>
         <kind>object</kind>
         <file>flash.obj</file>
         <name>flash.obj</name>
      </input_file>
      <input_file id="fl-15">
         <path>.\</path>
         <kind>object</kind>
         <file>fpu.obj</file>
         <name>fpu.obj</name>
      </input_file>
      <input_file id="fl-16">
         <path>.\</path>
         <kind>object</kind>
         <file>gpio.obj</file>
         <name>gpio.obj</name>
      </input_file>
      <input_file id="fl-17">
         <path>.\</path>
         <kind>object</kind>
         <file>i2c.obj</file>
         <name>i2c.obj</name>
      </input_file>
      <input_file id="fl-18">
         <path>.\</path>
         <kind>object</kind>
         <file>i2c_driver.obj</file>
         <name>i2c_driver.obj</name>
      </input_file>
      <input_file id="fl-19">
         <path>.\</path>
         <kind>object</kind>
         <file>interrupt.obj</file>
         <name>interrupt.obj</name>
      </input_file>
      <input_file id="fl-1a">
         <path>.\</path>
         <kind>object</kind>
         <file>lineMain.obj</file>
         <name>lineMain.obj</name>
      </input_file>
      <input_file id="fl-1b">
         <path>.\</path>
         <kind>object</kind>
         <file>main.obj</file>
         <name>main.obj</name>
      </input_file>
      <input_file id="fl-1c">
         <path>.\</path>
         <kind>object</kind>
         <file>mpu.obj</file>
         <name>mpu.obj</name>
      </input_file>
      <input_file id="fl-1d">
         <path>.\</path>
         <kind>object</kind>
         <file>opt3001.obj</file>
         <name>opt3001.obj</name>
      </input_file>
      <input_file id="fl-1e">
         <path>.\</path>
         <kind>object</kind>
         <file>pcm.obj</file>
         <name>pcm.obj</name>
      </input_file>
      <input_file id="fl-1f">
         <path>.\</path>
         <kind>object</kind>
         <file>pmap.obj</file>
         <name>pmap.obj</name>
      </input_file>
      <input_file id="fl-20">
         <path>.\</path>
         <kind>object</kind>
         <file>pss.obj</file>
         <name>pss.obj</name>
      </input_file>
      <input_file id="fl-21">
         <path>.\</path>
         <kind>object</kind>
         <file>ref_a.obj</file>
         <name>ref_a.obj</name>
      </input_file>
      <input_file id="fl-22">
         <path>.\</path>
         <kind>object</kind>
         <file>reset.obj</file>
         <name>reset.obj</name>
      </input_file>
      <input_file id="fl-23">
         <path>.\</path>
         <kind>object</kind>
         <file>rtc_c.obj</file>
         <name>rtc_c.obj</name>
      </input_file>
      <input_file id="fl-24">
         <path>.\</path>
         <kind>object</kind>
         <file>spi.obj</file>
         <name>spi.obj</name>
      </input_file>
      <input_file id="fl-25">
         <path>.\</path>
         <kind>object</kind>
         <file>startup_msp432p401r_ccs.obj</file>
         <name>startup_msp432p401r_ccs.obj</name>
      </input_file>
      <input_file id="fl-26">
         <path>.\</path>
         <kind>object</kind>
         <file>sysctl.obj</file>
         <name>sysctl.obj</name>
      </input_file>
      <input_file id="fl-27">
         <path>.\</path>
         <kind>object</kind>
         <file>system_msp432p401r.obj</file>
         <name>system_msp432p401r.obj</name>
      </input_file>
      <input_file id="fl-28">
         <path>.\</path>
         <kind>object</kind>
         <file>systick.obj</file>
         <name>systick.obj</name>
      </input_file>
      <input_file id="fl-29">
         <path>.\</path>
         <kind>object</kind>
         <file>timer32.obj</file>
         <name>timer32.obj</name>
      </input_file>
      <input_file id="fl-2a">
         <path>.\</path>
         <kind>object</kind>
         <file>timer_a.obj</file>
         <name>timer_a.obj</name>
      </input_file>
      <input_file id="fl-2b">
         <path>.\</path>
         <kind>object</kind>
         <file>wdt_a.obj</file>
         <name>wdt_a.obj</name>
      </input_file>
      <input_file id="fl-2f">
         <kind>object</kind>
         <file>&lt;internal&gt;</file>
         <name>&lt;internal&gt;</name>
      </input_file>
      <input_file id="fl-e5">
         <path>C:\ti\ccs1040\ccs\tools\compiler\ti-cgt-arm_20.2.5.LTS\lib\</path>
         <kind>archive</kind>
         <file>rtsv7M4_T_le_v4SPD16_eabi.lib</file>
         <name>printf.c.obj</name>
      </input_file>
      <input_file id="fl-e6">
         <path>C:\ti\ccs1040\ccs\tools\compiler\ti-cgt-arm_20.2.5.LTS\lib\</path>
         <kind>archive</kind>
         <file>rtsv7M4_T_le_v4SPD16_eabi.lib</file>
         <name>_printfi.c.obj</name>
      </input_file>
      <input_file id="fl-e7">
         <path>C:\ti\ccs1040\ccs\tools\compiler\ti-cgt-arm_20.2.5.LTS\lib\</path>
         <kind>archive</kind>
         <file>rtsv7M4_T_le_v4SPD16_eabi.lib</file>
         <name>sprintf.c.obj</name>
      </input_file>
      <input_file id="fl-e8">
         <path>C:\ti\ccs1040\ccs\tools\compiler\ti-cgt-arm_20.2.5.LTS\lib\</path>
         <kind>archive</kind>
         <file>rtsv7M4_T_le_v4SPD16_eabi.lib</file>
         <name>fputc.c.obj</name>
      </input_file>
      <input_file id="fl-e9">
         <path>C:\ti\ccs1040\ccs\tools\compiler\ti-cgt-arm_20.2.5.LTS\lib\</path>
         <kind>archive</kind>
         <file>rtsv7M4_T_le_v4SPD16_eabi.lib</file>
         <name>fputs.c.obj</name>
      </input_file>
      <input_file id="fl-ea">
         <path>C:\ti\ccs1040\ccs\tools\compiler\ti-cgt-arm_20.2.5.LTS\lib\</path>
         <kind>archive</kind>
         <file>rtsv7M4_T_le_v4SPD16_eabi.lib</file>
         <name>_io_perm.c.obj</name>
      </input_file>
      <input_file id="fl-eb">
         <path>C:\ti\ccs1040\ccs\tools\compiler\ti-cgt-arm_20.2.5.LTS\lib\</path>
         <kind>archive</kind>
         <file>rtsv7M4_T_le_v4SPD16_eabi.lib</file>
         <name>setvbuf.c.obj</name>
      </input_file>
      <input_file id="fl-ec">
         <path>C:\ti\ccs1040\ccs\tools\compiler\ti-cgt-arm_20.2.5.LTS\lib\</path>
         <kind>archive</kind>
         <file>rtsv7M4_T_le_v4SPD16_eabi.lib</file>
         <name>s_exp2.c.obj</name>
      </input_file>
      <input_file id="fl-ed">
         <path>C:\ti\ccs1040\ccs\tools\compiler\ti-cgt-arm_20.2.5.LTS\lib\</path>
         <kind>archive</kind>
         <file>rtsv7M4_T_le_v4SPD16_eabi.lib</file>
         <name>s_frexp.c.obj</name>
      </input_file>
      <input_file id="fl-ee">
         <path>C:\ti\ccs1040\ccs\tools\compiler\ti-cgt-arm_20.2.5.LTS\lib\</path>
         <kind>archive</kind>
         <file>rtsv7M4_T_le_v4SPD16_eabi.lib</file>
         <name>s_scalbn.c.obj</name>
      </input_file>
      <input_file id="fl-ef">
         <path>C:\ti\ccs1040\ccs\tools\compiler\ti-cgt-arm_20.2.5.LTS\lib\</path>
         <kind>archive</kind>
         <file>rtsv7M4_T_le_v4SPD16_eabi.lib</file>
         <name>wcslen.c.obj</name>
      </input_file>
      <input_file id="fl-f0">
         <path>C:\ti\ccs1040\ccs\tools\compiler\ti-cgt-arm_20.2.5.LTS\lib\</path>
         <kind>archive</kind>
         <file>rtsv7M4_T_le_v4SPD16_eabi.lib</file>
         <name>fd_add_t2.asm.obj</name>
      </input_file>
      <input_file id="fl-f1">
         <path>C:\ti\ccs1040\ccs\tools\compiler\ti-cgt-arm_20.2.5.LTS\lib\</path>
         <kind>archive</kind>
         <file>rtsv7M4_T_le_v4SPD16_eabi.lib</file>
         <name>fd_cmp_t2.asm.obj</name>
      </input_file>
      <input_file id="fl-f2">
         <path>C:\ti\ccs1040\ccs\tools\compiler\ti-cgt-arm_20.2.5.LTS\lib\</path>
         <kind>archive</kind>
         <file>rtsv7M4_T_le_v4SPD16_eabi.lib</file>
         <name>fd_div_t2.asm.obj</name>
      </input_file>
      <input_file id="fl-f3">
         <path>C:\ti\ccs1040\ccs\tools\compiler\ti-cgt-arm_20.2.5.LTS\lib\</path>
         <kind>archive</kind>
         <file>rtsv7M4_T_le_v4SPD16_eabi.lib</file>
         <name>fd_mul_t2.asm.obj</name>
      </input_file>
      <input_file id="fl-f4">
         <path>C:\ti\ccs1040\ccs\tools\compiler\ti-cgt-arm_20.2.5.LTS\lib\</path>
         <kind>archive</kind>
         <file>rtsv7M4_T_le_v4SPD16_eabi.lib</file>
         <name>fd_toi_t2.asm.obj</name>
      </input_file>
      <input_file id="fl-f5">
         <path>C:\ti\ccs1040\ccs\tools\compiler\ti-cgt-arm_20.2.5.LTS\lib\</path>
         <kind>archive</kind>
         <file>rtsv7M4_T_le_v4SPD16_eabi.lib</file>
         <name>fd_tos_t2.asm.obj</name>
      </input_file>
      <input_file id="fl-f6">
         <path>C:\ti\ccs1040\ccs\tools\compiler\ti-cgt-arm_20.2.5.LTS\lib\</path>
         <kind>archive</kind>
         <file>rtsv7M4_T_le_v4SPD16_eabi.lib</file>
         <name>fs_tod_t2.asm.obj</name>
      </input_file>
      <input_file id="fl-f7">
         <path>C:\ti\ccs1040\ccs\tools\compiler\ti-cgt-arm_20.2.5.LTS\lib\</path>
         <kind>archive</kind>
         <file>rtsv7M4_T_le_v4SPD16_eabi.lib</file>
         <name>i_tofd_t2.asm.obj</name>
      </input_file>
      <input_file id="fl-f8">
         <path>C:\ti\ccs1040\ccs\tools\compiler\ti-cgt-arm_20.2.5.LTS\lib\</path>
         <kind>archive</kind>
         <file>rtsv7M4_T_le_v4SPD16_eabi.lib</file>
         <name>memcpy_t2.asm.obj</name>
      </input_file>
      <input_file id="fl-f9">
         <path>C:\ti\ccs1040\ccs\tools\compiler\ti-cgt-arm_20.2.5.LTS\lib\</path>
         <kind>archive</kind>
         <file>rtsv7M4_T_le_v4SPD16_eabi.lib</file>
         <name>u_tofd_t2.asm.obj</name>
      </input_file>
      <input_file id="fl-fa">
         <path>C:\ti\ccs1040\ccs\tools\compiler\ti-cgt-arm_20.2.5.LTS\lib\</path>
         <kind>archive</kind>
         <file>rtsv7M4_T_le_v4SPD16_eabi.lib</file>
         <name>ull_div_t2.asm.obj</name>
      </input_file>
      <input_file id="fl-fb">
         <path>C:\ti\ccs1040\ccs\tools\compiler\ti-cgt-arm_20.2.5.LTS\lib\</path>
         <kind>archive</kind>
         <file>rtsv7M4_T_le_v4SPD16_eabi.lib</file>
         <name>memset_t2.asm.obj</name>
      </input_file>
      <input_file id="fl-fc">
         <path>C:\ti\ccs1040\ccs\tools\compiler\ti-cgt-arm_20.2.5.LTS\lib\</path>
         <kind>archive</kind>
         <file>rtsv7M4_T_le_v4SPD16_eabi.lib</file>
         <name>copy_zero_init.c.obj</name>
      </input_file>
      <input_file id="fl-fd">
         <path>C:\ti\ccs1040\ccs\tools\compiler\ti-cgt-arm_20.2.5.LTS\lib\</path>
         <kind>archive</kind>
         <file>rtsv7M4_T_le_v4SPD16_eabi.lib</file>
         <name>copy_decompress_none.c.obj</name>
      </input_file>
      <input_file id="fl-fe">
         <path>C:\ti\ccs1040\ccs\tools\compiler\ti-cgt-arm_20.2.5.LTS\lib\</path>
         <kind>archive</kind>
         <file>rtsv7M4_T_le_v4SPD16_eabi.lib</file>
         <name>copy_decompress_lzss.c.obj</name>
      </input_file>
      <input_file id="fl-ff">
         <path>C:\ti\ccs1040\ccs\tools\compiler\ti-cgt-arm_20.2.5.LTS\lib\</path>
         <kind>archive</kind>
         <file>rtsv7M4_T_le_v4SPD16_eabi.lib</file>
         <name>exit.c.obj</name>
      </input_file>
      <input_file id="fl-100">
         <path>C:\ti\ccs1040\ccs\tools\compiler\ti-cgt-arm_20.2.5.LTS\lib\</path>
         <kind>archive</kind>
         <file>rtsv7M4_T_le_v4SPD16_eabi.lib</file>
         <name>_lock.c.obj</name>
      </input_file>
      <input_file id="fl-101">
         <path>C:\ti\ccs1040\ccs\tools\compiler\ti-cgt-arm_20.2.5.LTS\lib\</path>
         <kind>archive</kind>
         <file>rtsv7M4_T_le_v4SPD16_eabi.lib</file>
         <name>_ltoa.c.obj</name>
      </input_file>
      <input_file id="fl-102">
         <path>C:\ti\ccs1040\ccs\tools\compiler\ti-cgt-arm_20.2.5.LTS\lib\</path>
         <kind>archive</kind>
         <file>rtsv7M4_T_le_v4SPD16_eabi.lib</file>
         <name>atoi.c.obj</name>
      </input_file>
      <input_file id="fl-103">
         <path>C:\ti\ccs1040\ccs\tools\compiler\ti-cgt-arm_20.2.5.LTS\lib\</path>
         <kind>archive</kind>
         <file>rtsv7M4_T_le_v4SPD16_eabi.lib</file>
         <name>ctype.c.obj</name>
      </input_file>
      <input_file id="fl-104">
         <path>C:\ti\ccs1040\ccs\tools\compiler\ti-cgt-arm_20.2.5.LTS\lib\</path>
         <kind>archive</kind>
         <file>rtsv7M4_T_le_v4SPD16_eabi.lib</file>
         <name>defs.c.obj</name>
      </input_file>
      <input_file id="fl-105">
         <path>C:\ti\ccs1040\ccs\tools\compiler\ti-cgt-arm_20.2.5.LTS\lib\</path>
         <kind>archive</kind>
         <file>rtsv7M4_T_le_v4SPD16_eabi.lib</file>
         <name>memccpy.c.obj</name>
      </input_file>
      <input_file id="fl-106">
         <path>C:\ti\ccs1040\ccs\tools\compiler\ti-cgt-arm_20.2.5.LTS\lib\</path>
         <kind>archive</kind>
         <file>rtsv7M4_T_le_v4SPD16_eabi.lib</file>
         <name>memchr.c.obj</name>
      </input_file>
      <input_file id="fl-107">
         <path>C:\ti\ccs1040\ccs\tools\compiler\ti-cgt-arm_20.2.5.LTS\lib\</path>
         <kind>archive</kind>
         <file>rtsv7M4_T_le_v4SPD16_eabi.lib</file>
         <name>memory.c.obj</name>
      </input_file>
      <input_file id="fl-108">
         <path>C:\ti\ccs1040\ccs\tools\compiler\ti-cgt-arm_20.2.5.LTS\lib\</path>
         <kind>archive</kind>
         <file>rtsv7M4_T_le_v4SPD16_eabi.lib</file>
         <name>strchr.c.obj</name>
      </input_file>
      <input_file id="fl-109">
         <path>C:\ti\ccs1040\ccs\tools\compiler\ti-cgt-arm_20.2.5.LTS\lib\</path>
         <kind>archive</kind>
         <file>rtsv7M4_T_le_v4SPD16_eabi.lib</file>
         <name>strlen.c.obj</name>
      </input_file>
      <input_file id="fl-10a">
         <path>C:\ti\ccs1040\ccs\tools\compiler\ti-cgt-arm_20.2.5.LTS\lib\</path>
         <kind>archive</kind>
         <file>rtsv7M4_T_le_v4SPD16_eabi.lib</file>
         <name>errno.c.obj</name>
      </input_file>
      <input_file id="fl-10b">
         <path>C:\ti\ccs1040\ccs\tools\compiler\ti-cgt-arm_20.2.5.LTS\lib\</path>
         <kind>archive</kind>
         <file>rtsv7M4_T_le_v4SPD16_eabi.lib</file>
         <name>boot_cortex_m.c.obj</name>
      </input_file>
      <input_file id="fl-10c">
         <path>C:\ti\ccs1040\ccs\tools\compiler\ti-cgt-arm_20.2.5.LTS\lib\</path>
         <kind>archive</kind>
         <file>rtsv7M4_T_le_v4SPD16_eabi.lib</file>
         <name>write.c.obj</name>
      </input_file>
      <input_file id="fl-10d">
         <path>C:\ti\ccs1040\ccs\tools\compiler\ti-cgt-arm_20.2.5.LTS\lib\</path>
         <kind>archive</kind>
         <file>rtsv7M4_T_le_v4SPD16_eabi.lib</file>
         <name>host_device.c.obj</name>
      </input_file>
      <input_file id="fl-10e">
         <path>C:\ti\ccs1040\ccs\tools\compiler\ti-cgt-arm_20.2.5.LTS\lib\</path>
         <kind>archive</kind>
         <file>rtsv7M4_T_le_v4SPD16_eabi.lib</file>
         <name>fflush.c.obj</name>
      </input_file>
      <input_file id="fl-10f">
         <path>C:\ti\ccs1040\ccs\tools\compiler\ti-cgt-arm_20.2.5.LTS\lib\</path>
         <kind>archive</kind>
         <file>rtsv7M4_T_le_v4SPD16_eabi.lib</file>
         <name>fopen.c.obj</name>
      </input_file>
      <input_file id="fl-110">
         <path>C:\ti\ccs1040\ccs\tools\compiler\ti-cgt-arm_20.2.5.LTS\lib\</path>
         <kind>archive</kind>
         <file>rtsv7M4_T_le_v4SPD16_eabi.lib</file>
         <name>fseek.c.obj</name>
      </input_file>
      <input_file id="fl-111">
         <path>C:\ti\ccs1040\ccs\tools\compiler\ti-cgt-arm_20.2.5.LTS\lib\</path>
         <kind>archive</kind>
         <file>rtsv7M4_T_le_v4SPD16_eabi.lib</file>
         <name>s_copysign.c.obj</name>
      </input_file>
      <input_file id="fl-112">
         <path>C:\ti\ccs1040\ccs\tools\compiler\ti-cgt-arm_20.2.5.LTS\lib\</path>
         <kind>archive</kind>
         <file>rtsv7M4_T_le_v4SPD16_eabi.lib</file>
         <name>div0.asm.obj</name>
      </input_file>
      <input_file id="fl-113">
         <path>C:\ti\ccs1040\ccs\tools\compiler\ti-cgt-arm_20.2.5.LTS\lib\</path>
         <kind>archive</kind>
         <file>rtsv7M4_T_le_v4SPD16_eabi.lib</file>
         <name>autoinit.c.obj</name>
      </input_file>
      <input_file id="fl-114">
         <path>C:\ti\ccs1040\ccs\tools\compiler\ti-cgt-arm_20.2.5.LTS\lib\</path>
         <kind>archive</kind>
         <file>rtsv7M4_T_le_v4SPD16_eabi.lib</file>
         <name>pre_init.c.obj</name>
      </input_file>
      <input_file id="fl-115">
         <path>C:\ti\ccs1040\ccs\tools\compiler\ti-cgt-arm_20.2.5.LTS\lib\</path>
         <kind>archive</kind>
         <file>rtsv7M4_T_le_v4SPD16_eabi.lib</file>
         <name>cpy_tbl.c.obj</name>
      </input_file>
      <input_file id="fl-116">
         <path>C:\ti\ccs1040\ccs\tools\compiler\ti-cgt-arm_20.2.5.LTS\lib\</path>
         <kind>archive</kind>
         <file>rtsv7M4_T_le_v4SPD16_eabi.lib</file>
         <name>args_main.c.obj</name>
      </input_file>
      <input_file id="fl-117">
         <path>C:\ti\ccs1040\ccs\tools\compiler\ti-cgt-arm_20.2.5.LTS\lib\</path>
         <kind>archive</kind>
         <file>rtsv7M4_T_le_v4SPD16_eabi.lib</file>
         <name>hostclose.c.obj</name>
      </input_file>
      <input_file id="fl-118">
         <path>C:\ti\ccs1040\ccs\tools\compiler\ti-cgt-arm_20.2.5.LTS\lib\</path>
         <kind>archive</kind>
         <file>rtsv7M4_T_le_v4SPD16_eabi.lib</file>
         <name>hostlseek.c.obj</name>
      </input_file>
      <input_file id="fl-119">
         <path>C:\ti\ccs1040\ccs\tools\compiler\ti-cgt-arm_20.2.5.LTS\lib\</path>
         <kind>archive</kind>
         <file>rtsv7M4_T_le_v4SPD16_eabi.lib</file>
         <name>hostopen.c.obj</name>
      </input_file>
      <input_file id="fl-11a">
         <path>C:\ti\ccs1040\ccs\tools\compiler\ti-cgt-arm_20.2.5.LTS\lib\</path>
         <kind>archive</kind>
         <file>rtsv7M4_T_le_v4SPD16_eabi.lib</file>
         <name>hostread.c.obj</name>
      </input_file>
      <input_file id="fl-11b">
         <path>C:\ti\ccs1040\ccs\tools\compiler\ti-cgt-arm_20.2.5.LTS\lib\</path>
         <kind>archive</kind>
         <file>rtsv7M4_T_le_v4SPD16_eabi.lib</file>
         <name>hostrename.c.obj</name>
      </input_file>
      <input_file id="fl-11c">
         <path>C:\ti\ccs1040\ccs\tools\compiler\ti-cgt-arm_20.2.5.LTS\lib\</path>
         <kind>archive</kind>
         <file>rtsv7M4_T_le_v4SPD16_eabi.lib</file>
         <name>hostunlink.c.obj</name>
      </input_file>
      <input_file id="fl-11d">
         <path>C:\ti\ccs1040\ccs\tools\compiler\ti-cgt-arm_20.2.5.LTS\lib\</path>
         <kind>archive</kind>
         <file>rtsv7M4_T_le_v4SPD16_eabi.lib</file>
         <name>hostwrite.c.obj</name>
      </input_file>
      <input_file id="fl-11e">
         <path>C:\ti\ccs1040\ccs\tools\compiler\ti-cgt-arm_20.2.5.LTS\lib\</path>
         <kind>archive</kind>
         <file>rtsv7M4_T_le_v4SPD16_eabi.lib</file>
         <name>trgmsg.c.obj</name>
      </input_file>
      <input_file id="fl-11f">
         <path>C:\ti\ccs1040\ccs\tools\compiler\ti-cgt-arm_20.2.5.LTS\lib\</path>
         <kind>archive</kind>
         <file>rtsv7M4_T_le_v4SPD16_eabi.lib</file>
         <name>open.c.obj</name>
      </input_file>
      <input_file id="fl-120">
         <path>C:\ti\ccs1040\ccs\tools\compiler\ti-cgt-arm_20.2.5.LTS\lib\</path>
         <kind>archive</kind>
         <file>rtsv7M4_T_le_v4SPD16_eabi.lib</file>
         <name>lseek.c.obj</name>
      </input_file>
      <input_file id="fl-121">
         <path>C:\ti\ccs1040\ccs\tools\compiler\ti-cgt-arm_20.2.5.LTS\lib\</path>
         <kind>archive</kind>
         <file>rtsv7M4_T_le_v4SPD16_eabi.lib</file>
         <name>fclose.c.obj</name>
      </input_file>
      <input_file id="fl-122">
         <path>C:\ti\ccs1040\ccs\tools\compiler\ti-cgt-arm_20.2.5.LTS\lib\</path>
         <kind>archive</kind>
         <file>rtsv7M4_T_le_v4SPD16_eabi.lib</file>
         <name>getdevice.c.obj</name>
      </input_file>
      <input_file id="fl-123">
         <path>C:\ti\ccs1040\ccs\tools\compiler\ti-cgt-arm_20.2.5.LTS\lib\</path>
         <kind>archive</kind>
         <file>rtsv7M4_T_le_v4SPD16_eabi.lib</file>
         <name>strcmp.c.obj</name>
      </input_file>
      <input_file id="fl-124">
         <path>C:\ti\ccs1040\ccs\tools\compiler\ti-cgt-arm_20.2.5.LTS\lib\</path>
         <kind>archive</kind>
         <file>rtsv7M4_T_le_v4SPD16_eabi.lib</file>
         <name>strcpy.c.obj</name>
      </input_file>
      <input_file id="fl-125">
         <path>C:\ti\ccs1040\ccs\tools\compiler\ti-cgt-arm_20.2.5.LTS\lib\</path>
         <kind>archive</kind>
         <file>rtsv7M4_T_le_v4SPD16_eabi.lib</file>
         <name>strncpy.c.obj</name>
      </input_file>
      <input_file id="fl-126">
         <path>C:\ti\ccs1040\ccs\tools\compiler\ti-cgt-arm_20.2.5.LTS\lib\</path>
         <kind>archive</kind>
         <file>rtsv7M4_T_le_v4SPD16_eabi.lib</file>
         <name>remove.c.obj</name>
      </input_file>
      <input_file id="fl-127">
         <path>C:\ti\ccs1040\ccs\tools\compiler\ti-cgt-arm_20.2.5.LTS\lib\</path>
         <kind>archive</kind>
         <file>rtsv7M4_T_le_v4SPD16_eabi.lib</file>
         <name>close.c.obj</name>
      </input_file>
      <input_file id="fl-128">
         <path>C:\ti\ccs1040\ccs\tools\compiler\ti-cgt-arm_20.2.5.LTS\lib\</path>
         <kind>archive</kind>
         <file>rtsv7M4_T_le_v4SPD16_eabi.lib</file>
         <name>unlink.c.obj</name>
      </input_file>
   </input_file_list>
   <object_component_list>
      <object_component id="oc-26">
         <name>.intvecs:retain</name>
         <load_address>0x0</load_address>
         <run_address>0x0</run_address>
         <size>0xe4</size>
         <input_file_ref idref="fl-25"/>
      </object_component>
      <object_component id="oc-ef">
         <name>.text</name>
         <load_address>0xe4</load_address>
         <run_address>0xe4</run_address>
         <size>0xd5e0</size>
         <input_file_ref idref="fl-c"/>
      </object_component>
      <object_component id="oc-1d7">
         <name>.text</name>
         <load_address>0xd6c4</load_address>
         <run_address>0xd6c4</run_address>
         <size>0x15a8</size>
         <input_file_ref idref="fl-14"/>
      </object_component>
      <object_component id="oc-e9">
         <name>.text</name>
         <load_address>0xec6c</load_address>
         <run_address>0xec6c</run_address>
         <size>0xd14</size>
         <input_file_ref idref="fl-d"/>
      </object_component>
      <object_component id="oc-11d">
         <name>.text</name>
         <load_address>0xf980</load_address>
         <run_address>0xf980</run_address>
         <size>0xc5c</size>
         <input_file_ref idref="fl-11"/>
      </object_component>
      <object_component id="oc-70">
         <name>.text</name>
         <load_address>0x105dc</load_address>
         <run_address>0x105dc</run_address>
         <size>0xa74</size>
         <input_file_ref idref="fl-1a"/>
      </object_component>
      <object_component id="oc-289">
         <name>.text:__TI_printfi</name>
         <load_address>0x11050</load_address>
         <run_address>0x11050</run_address>
         <size>0xa4e</size>
         <input_file_ref idref="fl-e6"/>
      </object_component>
      <object_component id="oc-39c">
         <name>.text:_nop</name>
         <load_address>0x11a9e</load_address>
         <run_address>0x11a9e</run_address>
         <size>0x2</size>
         <input_file_ref idref="fl-100"/>
      </object_component>
      <object_component id="oc-123">
         <name>.text</name>
         <load_address>0x11aa0</load_address>
         <run_address>0x11aa0</run_address>
         <size>0x878</size>
         <input_file_ref idref="fl-17"/>
      </object_component>
      <object_component id="oc-1d1">
         <name>.text</name>
         <load_address>0x12318</load_address>
         <run_address>0x12318</run_address>
         <size>0x834</size>
         <input_file_ref idref="fl-1e"/>
      </object_component>
      <object_component id="oc-bf">
         <name>.text</name>
         <load_address>0x12b4c</load_address>
         <run_address>0x12b4c</run_address>
         <size>0x798</size>
         <input_file_ref idref="fl-2a"/>
      </object_component>
      <object_component id="oc-dd">
         <name>.text</name>
         <load_address>0x132e4</load_address>
         <run_address>0x132e4</run_address>
         <size>0x574</size>
         <input_file_ref idref="fl-7"/>
      </object_component>
      <object_component id="oc-2e8">
         <name>.text</name>
         <load_address>0x13858</load_address>
         <run_address>0x13858</run_address>
         <size>0x554</size>
         <input_file_ref idref="fl-23"/>
      </object_component>
      <object_component id="oc-cb">
         <name>.text</name>
         <load_address>0x13dac</load_address>
         <run_address>0x13dac</run_address>
         <size>0x480</size>
         <input_file_ref idref="fl-16"/>
      </object_component>
      <object_component id="oc-76">
         <name>.text</name>
         <load_address>0x1422c</load_address>
         <run_address>0x1422c</run_address>
         <size>0x430</size>
         <input_file_ref idref="fl-18"/>
      </object_component>
      <object_component id="oc-c5">
         <name>.text</name>
         <load_address>0x1465c</load_address>
         <run_address>0x1465c</run_address>
         <size>0x40c</size>
         <input_file_ref idref="fl-19"/>
      </object_component>
      <object_component id="oc-b8">
         <name>.text</name>
         <load_address>0x14a68</load_address>
         <run_address>0x14a68</run_address>
         <size>0x334</size>
         <input_file_ref idref="fl-27"/>
      </object_component>
      <object_component id="oc-37e">
         <name>.text:_pconv_a</name>
         <load_address>0x14d9c</load_address>
         <run_address>0x14d9c</run_address>
         <size>0x270</size>
         <input_file_ref idref="fl-e6"/>
      </object_component>
      <object_component id="oc-26a">
         <name>.text</name>
         <load_address>0x1500c</load_address>
         <run_address>0x1500c</run_address>
         <size>0x248</size>
         <input_file_ref idref="fl-26"/>
      </object_component>
      <object_component id="oc-1fa">
         <name>.text:exp2</name>
         <load_address>0x15254</load_address>
         <run_address>0x15254</run_address>
         <size>0x200</size>
         <input_file_ref idref="fl-ec"/>
      </object_component>
      <object_component id="oc-36c">
         <name>.text:_pconv_g</name>
         <load_address>0x15454</load_address>
         <run_address>0x15454</run_address>
         <size>0x1d0</size>
         <input_file_ref idref="fl-e6"/>
      </object_component>
      <object_component id="oc-311">
         <name>.text</name>
         <load_address>0x15624</load_address>
         <run_address>0x15624</run_address>
         <size>0x1b6</size>
         <input_file_ref idref="fl-f0"/>
      </object_component>
      <object_component id="oc-4a1">
         <name>.text</name>
         <load_address>0x157da</load_address>
         <run_address>0x157da</run_address>
         <size>0x2</size>
         <input_file_ref idref="fl-112"/>
      </object_component>
      <object_component id="oc-e3">
         <name>.text</name>
         <load_address>0x157dc</load_address>
         <run_address>0x157dc</run_address>
         <size>0x16c</size>
         <input_file_ref idref="fl-1d"/>
      </object_component>
      <object_component id="oc-378">
         <name>.text:_pconv_e</name>
         <load_address>0x15948</load_address>
         <run_address>0x15948</run_address>
         <size>0x13c</size>
         <input_file_ref idref="fl-e6"/>
      </object_component>
      <object_component id="oc-40d">
         <name>.text</name>
         <load_address>0x15a84</load_address>
         <run_address>0x15a84</run_address>
         <size>0x136</size>
         <input_file_ref idref="fl-f2"/>
      </object_component>
      <object_component id="oc-7c">
         <name>.text</name>
         <load_address>0x15bbc</load_address>
         <run_address>0x15bbc</run_address>
         <size>0x128</size>
         <input_file_ref idref="fl-2"/>
      </object_component>
      <object_component id="oc-42a">
         <name>.text:fcvt</name>
         <load_address>0x15ce4</load_address>
         <run_address>0x15ce4</run_address>
         <size>0x124</size>
         <input_file_ref idref="fl-e6"/>
      </object_component>
      <object_component id="oc-3aa">
         <name>.text:fputs</name>
         <load_address>0x15e08</load_address>
         <run_address>0x15e08</run_address>
         <size>0x114</size>
         <input_file_ref idref="fl-e9"/>
      </object_component>
      <object_component id="oc-43e">
         <name>.text:scalbn</name>
         <load_address>0x15f1c</load_address>
         <run_address>0x15f1c</run_address>
         <size>0x110</size>
         <input_file_ref idref="fl-ee"/>
      </object_component>
      <object_component id="oc-544">
         <name>.text:aligned_alloc</name>
         <load_address>0x1602c</load_address>
         <run_address>0x1602c</run_address>
         <size>0x100</size>
         <input_file_ref idref="fl-107"/>
      </object_component>
      <object_component id="oc-d7">
         <name>.text</name>
         <load_address>0x1612c</load_address>
         <run_address>0x1612c</run_address>
         <size>0xfc</size>
         <input_file_ref idref="fl-6"/>
      </object_component>
      <object_component id="oc-107">
         <name>.text</name>
         <load_address>0x16228</load_address>
         <run_address>0x16228</run_address>
         <size>0xfc</size>
         <input_file_ref idref="fl-f3"/>
      </object_component>
      <object_component id="oc-1de">
         <name>.text</name>
         <load_address>0x16324</load_address>
         <run_address>0x16324</run_address>
         <size>0xe8</size>
         <input_file_ref idref="fl-8"/>
      </object_component>
      <object_component id="oc-502">
         <name>.text:free</name>
         <load_address>0x1640c</load_address>
         <run_address>0x1640c</run_address>
         <size>0xe4</size>
         <input_file_ref idref="fl-107"/>
      </object_component>
      <object_component id="oc-4d4">
         <name>.text:setvbuf</name>
         <load_address>0x164f0</load_address>
         <run_address>0x164f0</run_address>
         <size>0xdc</size>
         <input_file_ref idref="fl-eb"/>
      </object_component>
      <object_component id="oc-2e2">
         <name>.text</name>
         <load_address>0x165cc</load_address>
         <run_address>0x165cc</run_address>
         <size>0xd8</size>
         <input_file_ref idref="fl-2b"/>
      </object_component>
      <object_component id="oc-366">
         <name>.text:_ltostr</name>
         <load_address>0x166a4</load_address>
         <run_address>0x166a4</run_address>
         <size>0xb1</size>
         <input_file_ref idref="fl-e6"/>
      </object_component>
      <object_component id="oc-d1">
         <name>.text</name>
         <load_address>0x16758</load_address>
         <run_address>0x16758</run_address>
         <size>0xac</size>
         <input_file_ref idref="fl-3"/>
      </object_component>
      <object_component id="oc-3a">
         <name>.text</name>
         <load_address>0x16804</load_address>
         <run_address>0x16804</run_address>
         <size>0x9c</size>
         <input_file_ref idref="fl-f8"/>
      </object_component>
      <object_component id="oc-407">
         <name>.text</name>
         <load_address>0x168a0</load_address>
         <run_address>0x168a0</run_address>
         <size>0x96</size>
         <input_file_ref idref="fl-fa"/>
      </object_component>
      <object_component id="oc-3b1">
         <name>.text:fputc</name>
         <load_address>0x16938</load_address>
         <run_address>0x16938</run_address>
         <size>0x8c</size>
         <input_file_ref idref="fl-e8"/>
      </object_component>
      <object_component id="oc-31b">
         <name>.text:__aeabi_cdcmple</name>
         <load_address>0x169c4</load_address>
         <run_address>0x169c4</run_address>
         <size>0x86</size>
         <input_file_ref idref="fl-f1"/>
      </object_component>
      <object_component id="oc-316">
         <name>.text:__aeabi_cdrcmple</name>
         <load_address>0x16a4a</load_address>
         <run_address>0x16a4a</run_address>
         <size>0x86</size>
         <input_file_ref idref="fl-f1"/>
      </object_component>
      <object_component id="oc-a0">
         <name>.text</name>
         <load_address>0x16ad0</load_address>
         <run_address>0x16ad0</run_address>
         <size>0x7a</size>
         <input_file_ref idref="fl-fb"/>
      </object_component>
      <object_component id="oc-54b">
         <name>.text:__TI_closefile</name>
         <load_address>0x16b4c</load_address>
         <run_address>0x16b4c</run_address>
         <size>0x74</size>
         <input_file_ref idref="fl-121"/>
      </object_component>
      <object_component id="oc-58c">
         <name>.text:split</name>
         <load_address>0x16bc0</load_address>
         <run_address>0x16bc0</run_address>
         <size>0x70</size>
         <input_file_ref idref="fl-107"/>
      </object_component>
      <object_component id="oc-423">
         <name>.text:_mcpy</name>
         <load_address>0x16c30</load_address>
         <run_address>0x16c30</run_address>
         <size>0x6e</size>
         <input_file_ref idref="fl-e6"/>
      </object_component>
      <object_component id="oc-200">
         <name>.text</name>
         <load_address>0x16c9e</load_address>
         <run_address>0x16c9e</run_address>
         <size>0x6e</size>
         <input_file_ref idref="fl-f5"/>
      </object_component>
      <object_component id="oc-57b">
         <name>.text:HOSTrename</name>
         <load_address>0x16d0c</load_address>
         <run_address>0x16d0c</run_address>
         <size>0x6c</size>
         <input_file_ref idref="fl-11b"/>
      </object_component>
      <object_component id="oc-56f">
         <name>.text:HOSTlseek</name>
         <load_address>0x16d78</load_address>
         <run_address>0x16d78</run_address>
         <size>0x68</size>
         <input_file_ref idref="fl-118"/>
      </object_component>
      <object_component id="oc-17">
         <name>.text:decompress:lzss:__TI_decompress_lzss</name>
         <load_address>0x16de0</load_address>
         <run_address>0x16de0</run_address>
         <size>0x68</size>
         <input_file_ref idref="fl-fe"/>
      </object_component>
      <object_component id="oc-13b">
         <name>.text:printf</name>
         <load_address>0x16e48</load_address>
         <run_address>0x16e48</run_address>
         <size>0x68</size>
         <input_file_ref idref="fl-e5"/>
      </object_component>
      <object_component id="oc-438">
         <name>.text:frexp</name>
         <load_address>0x16eb0</load_address>
         <run_address>0x16eb0</run_address>
         <size>0x64</size>
         <input_file_ref idref="fl-ed"/>
      </object_component>
      <object_component id="oc-4ce">
         <name>.text:fseek</name>
         <load_address>0x16f14</load_address>
         <run_address>0x16f14</run_address>
         <size>0x64</size>
         <input_file_ref idref="fl-110"/>
      </object_component>
      <object_component id="oc-46a">
         <name>.text:__TI_wrt_ok</name>
         <load_address>0x16f78</load_address>
         <run_address>0x16f78</run_address>
         <size>0x62</size>
         <input_file_ref idref="fl-ea"/>
      </object_component>
      <object_component id="oc-557">
         <name>.text:HOSTopen</name>
         <load_address>0x16fdc</load_address>
         <run_address>0x16fdc</run_address>
         <size>0x60</size>
         <input_file_ref idref="fl-119"/>
      </object_component>
      <object_component id="oc-593">
         <name>.text:close</name>
         <load_address>0x1703c</load_address>
         <run_address>0x1703c</run_address>
         <size>0x5c</size>
         <input_file_ref idref="fl-127"/>
      </object_component>
      <object_component id="oc-563">
         <name>.text:HOSTread</name>
         <load_address>0x17098</load_address>
         <run_address>0x17098</run_address>
         <size>0x58</size>
         <input_file_ref idref="fl-11a"/>
      </object_component>
      <object_component id="oc-569">
         <name>.text:HOSTwrite</name>
         <load_address>0x170f0</load_address>
         <run_address>0x170f0</run_address>
         <size>0x58</size>
         <input_file_ref idref="fl-11d"/>
      </object_component>
      <object_component id="oc-372">
         <name>.text:_pconv_f</name>
         <load_address>0x17148</load_address>
         <run_address>0x17148</run_address>
         <size>0x56</size>
         <input_file_ref idref="fl-e6"/>
      </object_component>
      <object_component id="oc-412">
         <name>.text:__TI_ltoa</name>
         <load_address>0x1719e</load_address>
         <run_address>0x1719e</run_address>
         <size>0x54</size>
         <input_file_ref idref="fl-101"/>
      </object_component>
      <object_component id="oc-41d">
         <name>.text:_ecpy</name>
         <load_address>0x171f2</load_address>
         <run_address>0x171f2</run_address>
         <size>0x52</size>
         <input_file_ref idref="fl-e6"/>
      </object_component>
      <object_component id="oc-476">
         <name>.text:__TI_doflush</name>
         <load_address>0x17244</load_address>
         <run_address>0x17244</run_address>
         <size>0x4c</size>
         <input_file_ref idref="fl-10e"/>
      </object_component>
      <object_component id="oc-360">
         <name>.text:atoi</name>
         <load_address>0x17290</load_address>
         <run_address>0x17290</run_address>
         <size>0x4c</size>
         <input_file_ref idref="fl-102"/>
      </object_component>
      <object_component id="oc-16e">
         <name>.text:exit</name>
         <load_address>0x172dc</load_address>
         <run_address>0x172dc</run_address>
         <size>0x48</size>
         <input_file_ref idref="fl-ff"/>
      </object_component>
      <object_component id="oc-10c">
         <name>.text</name>
         <load_address>0x17324</load_address>
         <run_address>0x17324</run_address>
         <size>0x48</size>
         <input_file_ref idref="fl-f4"/>
      </object_component>
      <object_component id="oc-55d">
         <name>.text:HOSTclose</name>
         <load_address>0x1736c</load_address>
         <run_address>0x1736c</run_address>
         <size>0x44</size>
         <input_file_ref idref="fl-117"/>
      </object_component>
      <object_component id="oc-575">
         <name>.text:HOSTunlink</name>
         <load_address>0x173b0</load_address>
         <run_address>0x173b0</run_address>
         <size>0x44</size>
         <input_file_ref idref="fl-11c"/>
      </object_component>
      <object_component id="oc-174">
         <name>.text:__TI_auto_init_nobinit_nopinit:__TI_auto_init_nobinit_nopinit</name>
         <load_address>0x173f4</load_address>
         <run_address>0x173f4</run_address>
         <size>0x44</size>
         <input_file_ref idref="fl-113"/>
      </object_component>
      <object_component id="oc-5cb">
         <name>.text:getdevice</name>
         <load_address>0x17438</load_address>
         <run_address>0x17438</run_address>
         <size>0x44</size>
         <input_file_ref idref="fl-122"/>
      </object_component>
      <object_component id="oc-1e5">
         <name>.text:sprintf</name>
         <load_address>0x1747c</load_address>
         <run_address>0x1747c</run_address>
         <size>0x40</size>
         <input_file_ref idref="fl-e7"/>
      </object_component>
      <object_component id="oc-430">
         <name>.text:_fcpy</name>
         <load_address>0x174bc</load_address>
         <run_address>0x174bc</run_address>
         <size>0x3e</size>
         <input_file_ref idref="fl-e6"/>
      </object_component>
      <object_component id="oc-1ac">
         <name>.text</name>
         <load_address>0x174fa</load_address>
         <run_address>0x174fa</run_address>
         <size>0x3e</size>
         <input_file_ref idref="fl-f"/>
      </object_component>
      <object_component id="oc-5a4">
         <name>.text:__TI_writemsg</name>
         <load_address>0x17538</load_address>
         <run_address>0x17538</run_address>
         <size>0x38</size>
         <input_file_ref idref="fl-11e"/>
      </object_component>
      <object_component id="oc-102">
         <name>.text</name>
         <load_address>0x17570</load_address>
         <run_address>0x17570</run_address>
         <size>0x38</size>
         <input_file_ref idref="fl-f6"/>
      </object_component>
      <object_component id="oc-5ed">
         <name>.text:strncpy</name>
         <load_address>0x175a8</load_address>
         <run_address>0x175a8</run_address>
         <size>0x36</size>
         <input_file_ref idref="fl-125"/>
      </object_component>
      <object_component id="oc-50e">
         <name>.text:__TI_cleanup</name>
         <load_address>0x175e0</load_address>
         <run_address>0x175e0</run_address>
         <size>0x34</size>
         <input_file_ref idref="fl-10f"/>
      </object_component>
      <object_component id="oc-5aa">
         <name>.text:__TI_readmsg</name>
         <load_address>0x17614</load_address>
         <run_address>0x17614</run_address>
         <size>0x34</size>
         <input_file_ref idref="fl-11e"/>
      </object_component>
      <object_component id="oc-58">
         <name>.text:_c_int00_noargs:_c_int00_noargs</name>
         <load_address>0x17648</load_address>
         <run_address>0x17648</run_address>
         <size>0x34</size>
         <input_file_ref idref="fl-10b"/>
      </object_component>
      <object_component id="oc-5f3">
         <name>.text:finddevice</name>
         <load_address>0x1767c</load_address>
         <run_address>0x1767c</run_address>
         <size>0x30</size>
         <input_file_ref idref="fl-122"/>
      </object_component>
      <object_component id="oc-418">
         <name>.text</name>
         <load_address>0x176ac</load_address>
         <run_address>0x176ac</run_address>
         <size>0x2e</size>
         <input_file_ref idref="fl-f7"/>
      </object_component>
      <object_component id="oc-599">
         <name>.text:unlink</name>
         <load_address>0x176dc</load_address>
         <run_address>0x176dc</run_address>
         <size>0x2c</size>
         <input_file_ref idref="fl-128"/>
      </object_component>
      <object_component id="oc-53d">
         <name>.text:free_list_insert</name>
         <load_address>0x17708</load_address>
         <run_address>0x17708</run_address>
         <size>0x28</size>
         <input_file_ref idref="fl-107"/>
      </object_component>
      <object_component id="oc-4fa">
         <name>.text:lseek</name>
         <load_address>0x17730</load_address>
         <run_address>0x17730</run_address>
         <size>0x28</size>
         <input_file_ref idref="fl-120"/>
      </object_component>
      <object_component id="oc-47c">
         <name>.text:write</name>
         <load_address>0x17758</load_address>
         <run_address>0x17758</run_address>
         <size>0x28</size>
         <input_file_ref idref="fl-10c"/>
      </object_component>
      <object_component id="oc-20c">
         <name>.text</name>
         <load_address>0x17780</load_address>
         <run_address>0x17780</run_address>
         <size>0x26</size>
         <input_file_ref idref="fl-12"/>
      </object_component>
      <object_component id="oc-470">
         <name>.text:memchr</name>
         <load_address>0x177a6</load_address>
         <run_address>0x177a6</run_address>
         <size>0x20</size>
         <input_file_ref idref="fl-106"/>
      </object_component>
      <object_component id="oc-1f5">
         <name>.text</name>
         <load_address>0x177c6</load_address>
         <run_address>0x177c6</run_address>
         <size>0x20</size>
         <input_file_ref idref="fl-f9"/>
      </object_component>
      <object_component id="oc-537">
         <name>.text:free_list_remove</name>
         <load_address>0x177e8</load_address>
         <run_address>0x177e8</run_address>
         <size>0x1c</size>
         <input_file_ref idref="fl-107"/>
      </object_component>
      <object_component id="oc-384">
         <name>.text:memccpy</name>
         <load_address>0x17804</load_address>
         <run_address>0x17804</run_address>
         <size>0x1c</size>
         <input_file_ref idref="fl-105"/>
      </object_component>
      <object_component id="oc-4b6">
         <name>.text:copysign</name>
         <load_address>0x17820</load_address>
         <run_address>0x17820</run_address>
         <size>0x1a</size>
         <input_file_ref idref="fl-111"/>
      </object_component>
      <object_component id="oc-2fc">
         <name>.text:_outs</name>
         <load_address>0x1783a</load_address>
         <run_address>0x1783a</run_address>
         <size>0x18</size>
         <input_file_ref idref="fl-e7"/>
      </object_component>
      <object_component id="oc-60a">
         <name>.text:strcmp</name>
         <load_address>0x17852</load_address>
         <run_address>0x17852</run_address>
         <size>0x18</size>
         <input_file_ref idref="fl-123"/>
      </object_component>
      <object_component id="oc-444">
         <name>.text:strchr</name>
         <load_address>0x1786a</load_address>
         <run_address>0x1786a</run_address>
         <size>0x16</size>
         <input_file_ref idref="fl-108"/>
      </object_component>
      <object_component id="oc-5be">
         <name>.text:strcpy</name>
         <load_address>0x17880</load_address>
         <run_address>0x17880</run_address>
         <size>0x14</size>
         <input_file_ref idref="fl-124"/>
      </object_component>
      <object_component id="oc-35a">
         <name>.text:strlen</name>
         <load_address>0x17894</load_address>
         <run_address>0x17894</run_address>
         <size>0x14</size>
         <input_file_ref idref="fl-109"/>
      </object_component>
      <object_component id="oc-38a">
         <name>.text:wcslen</name>
         <load_address>0x178a8</load_address>
         <run_address>0x178a8</run_address>
         <size>0x12</size>
         <input_file_ref idref="fl-ef"/>
      </object_component>
      <object_component id="oc-1d">
         <name>.text:decompress:none:__TI_decompress_none</name>
         <load_address>0x178ba</load_address>
         <run_address>0x178ba</run_address>
         <size>0xe</size>
         <input_file_ref idref="fl-fd"/>
      </object_component>
      <object_component id="oc-6a">
         <name>.text</name>
         <load_address>0x178c8</load_address>
         <run_address>0x178c8</run_address>
         <size>0xe</size>
         <input_file_ref idref="fl-25"/>
      </object_component>
      <object_component id="oc-4c">
         <name>.text:decompress:ZI:__TI_zero_init</name>
         <load_address>0x178d6</load_address>
         <run_address>0x178d6</run_address>
         <size>0xc</size>
         <input_file_ref idref="fl-fc"/>
      </object_component>
      <object_component id="oc-302">
         <name>.text:_outc</name>
         <load_address>0x178e2</load_address>
         <run_address>0x178e2</run_address>
         <size>0xa</size>
         <input_file_ref idref="fl-e7"/>
      </object_component>
      <object_component id="oc-320">
         <name>.text:__aeabi_errno_addr</name>
         <load_address>0x178ec</load_address>
         <run_address>0x178ec</run_address>
         <size>0x8</size>
         <input_file_ref idref="fl-10a"/>
      </object_component>
      <object_component id="oc-508">
         <name>.text:malloc</name>
         <load_address>0x178f4</load_address>
         <run_address>0x178f4</run_address>
         <size>0x8</size>
         <input_file_ref idref="fl-107"/>
      </object_component>
      <object_component id="oc-339">
         <name>.text:SysCtlDelay</name>
         <load_address>0x178fc</load_address>
         <run_address>0x178fc</run_address>
         <size>0x6</size>
         <input_file_ref idref="fl-12"/>
      </object_component>
      <object_component id="oc-29b">
         <name>.text:_outc</name>
         <load_address>0x17902</load_address>
         <run_address>0x17902</run_address>
         <size>0x4</size>
         <input_file_ref idref="fl-e5"/>
      </object_component>
      <object_component id="oc-295">
         <name>.text:_outs</name>
         <load_address>0x17906</load_address>
         <run_address>0x17906</run_address>
         <size>0x4</size>
         <input_file_ref idref="fl-e5"/>
      </object_component>
      <object_component id="oc-a6">
         <name>.text:_system_pre_init</name>
         <load_address>0x1790a</load_address>
         <run_address>0x1790a</run_address>
         <size>0x4</size>
         <input_file_ref idref="fl-114"/>
      </object_component>
      <object_component id="oc-168">
         <name>.text:abort:abort</name>
         <load_address>0x1790e</load_address>
         <run_address>0x1790e</run_address>
         <size>0x4</size>
         <input_file_ref idref="fl-ff"/>
      </object_component>
      <object_component id="oc-326">
         <name>.const:tbl</name>
         <load_address>0x17918</load_address>
         <run_address>0x17918</run_address>
         <size>0x1000</size>
         <input_file_ref idref="fl-ec"/>
      </object_component>
      <object_component id="oc-1eb">
         <name>.const:ASCII</name>
         <load_address>0x18918</load_address>
         <run_address>0x18918</run_address>
         <size>0x1e0</size>
         <input_file_ref idref="fl-7"/>
      </object_component>
      <object_component id="oc-402">
         <name>.const:.string:_ctypes_</name>
         <load_address>0x18af8</load_address>
         <run_address>0x18af8</run_address>
         <size>0x101</size>
         <input_file_ref idref="fl-103"/>
      </object_component>
      <object_component id="oc-239">
         <name>.const:.string:INVALID_OFFSET</name>
         <load_address>0x18bf9</load_address>
         <run_address>0x18bf9</run_address>
         <size>0x3</size>
         <input_file_ref idref="fl-c"/>
      </object_component>
      <object_component id="oc-1b8">
         <name>.const:g_pulRegs</name>
         <load_address>0x18bfc</load_address>
         <run_address>0x18bfc</run_address>
         <size>0x50</size>
         <input_file_ref idref="fl-19"/>
      </object_component>
      <object_component id="oc-1c9">
         <name>.const:GPIO_PORT_TO_BASE</name>
         <load_address>0x18c4c</load_address>
         <run_address>0x18c4c</run_address>
         <size>0x30</size>
         <input_file_ref idref="fl-16"/>
      </object_component>
      <object_component id="oc-1b5">
         <name>.const:g_pulPriority</name>
         <load_address>0x18c7c</load_address>
         <run_address>0x18c7c</run_address>
         <size>0x20</size>
         <input_file_ref idref="fl-19"/>
      </object_component>
      <object_component id="oc-1cc">
         <name>.const:GPIO_PORT_TO_INT</name>
         <load_address>0x18c9c</load_address>
         <run_address>0x18c9c</run_address>
         <size>0x1c</size>
         <input_file_ref idref="fl-16"/>
      </object_component>
      <object_component id="oc-f5">
         <name>.const:$P$T0$1</name>
         <load_address>0x18cb8</load_address>
         <run_address>0x18cb8</run_address>
         <size>0x18</size>
         <input_file_ref idref="fl-1a"/>
      </object_component>
      <object_component id="oc-fb">
         <name>.const:$P$T1$2</name>
         <load_address>0x18cd0</load_address>
         <run_address>0x18cd0</run_address>
         <size>0x10</size>
         <input_file_ref idref="fl-1a"/>
      </object_component>
      <object_component id="oc-23c">
         <name>.const:yas532_version_ac_coef</name>
         <load_address>0x18ce0</load_address>
         <run_address>0x18ce0</run_address>
         <size>0xc</size>
         <input_file_ref idref="fl-c"/>
      </object_component>
      <object_component id="oc-1f1">
         <name>.const:.string:Masks</name>
         <load_address>0x18cec</load_address>
         <run_address>0x18cec</run_address>
         <size>0x8</size>
         <input_file_ref idref="fl-7"/>
      </object_component>
      <object_component id="oc-1be">
         <name>.const:g_pulDisRegs</name>
         <load_address>0x18cf4</load_address>
         <run_address>0x18cf4</run_address>
         <size>0x8</size>
         <input_file_ref idref="fl-19"/>
      </object_component>
      <object_component id="oc-1bb">
         <name>.const:g_pulEnRegs</name>
         <load_address>0x18cfc</load_address>
         <run_address>0x18cfc</run_address>
         <size>0x8</size>
         <input_file_ref idref="fl-19"/>
      </object_component>
      <object_component id="oc-1c1">
         <name>.const:g_pulPendRegs</name>
         <load_address>0x18d04</load_address>
         <run_address>0x18d04</run_address>
         <size>0x8</size>
         <input_file_ref idref="fl-19"/>
      </object_component>
      <object_component id="oc-1c4">
         <name>.const:g_pulUnpendRegs</name>
         <load_address>0x18d0c</load_address>
         <run_address>0x18d0c</run_address>
         <size>0x8</size>
         <input_file_ref idref="fl-19"/>
      </object_component>
      <object_component id="oc-240">
         <name>.const:v_calib_data$2</name>
         <load_address>0x18d14</load_address>
         <run_address>0x18d14</run_address>
         <size>0x8</size>
         <input_file_ref idref="fl-c"/>
      </object_component>
      <object_component id="oc-23f">
         <name>.const:.string:v_correct_u8$1</name>
         <load_address>0x18d1c</load_address>
         <run_address>0x18d1c</run_address>
         <size>0x5</size>
         <input_file_ref idref="fl-c"/>
      </object_component>
      <object_component id="oc-244">
         <name>.const:.string</name>
         <load_address>0x18d24</load_address>
         <run_address>0x18d24</run_address>
         <size>0x2</size>
         <input_file_ref idref="fl-1a"/>
      </object_component>
      <object_component id="oc-64b">
         <name>.cinit..data.load</name>
         <load_address>0x18d28</load_address>
         <run_address>0x18d28</run_address>
         <size>0xd9</size>
      </object_component>
      <object_component id="oc-648">
         <name>__TI_handler_table</name>
         <load_address>0x18e04</load_address>
         <run_address>0x18e04</run_address>
         <size>0xc</size>
      </object_component>
      <object_component id="oc-64c">
         <name>.cinit..bss.load</name>
         <load_address>0x18e10</load_address>
         <run_address>0x18e10</run_address>
         <size>0x8</size>
      </object_component>
      <object_component id="oc-64a">
         <name>.cinit..vtable.load</name>
         <load_address>0x18e18</load_address>
         <run_address>0x18e18</run_address>
         <size>0x8</size>
      </object_component>
      <object_component id="oc-649">
         <name>__TI_cinit_table</name>
         <load_address>0x18e20</load_address>
         <run_address>0x18e20</run_address>
         <size>0x18</size>
      </object_component>
      <object_component id="oc-61c">
         <name>.binit</name>
         <load_address>0x0</load_address>
         <run_address>0x0</run_address>
         <size>0x0</size>
      </object_component>
      <object_component id="oc-1b2">
         <name>.vtable</name>
         <uninitialized>true</uninitialized>
         <run_address>0x20000000</run_address>
         <size>0xe8</size>
         <input_file_ref idref="fl-19"/>
      </object_component>
      <object_component id="oc-2f5">
         <name>.data:config1</name>
         <load_address>0x200015b0</load_address>
         <run_address>0x200015b0</run_address>
         <size>0x18</size>
         <input_file_ref idref="fl-8"/>
      </object_component>
      <object_component id="oc-2f8">
         <name>.data:config2</name>
         <load_address>0x200015c8</load_address>
         <run_address>0x200015c8</run_address>
         <size>0x18</size>
         <input_file_ref idref="fl-8"/>
      </object_component>
      <object_component id="oc-22d">
         <name>.data</name>
         <load_address>0x20001638</load_address>
         <run_address>0x20001638</run_address>
         <size>0x8</size>
         <input_file_ref idref="fl-c"/>
      </object_component>
      <object_component id="oc-225">
         <name>.data:v_fifo_data_u8</name>
         <load_address>0x20000fb8</load_address>
         <run_address>0x20000fb8</run_address>
         <size>0x400</size>
         <input_file_ref idref="fl-c"/>
      </object_component>
      <object_component id="oc-2f0">
         <name>.data:__getBurstProgramRegs</name>
         <load_address>0x20001570</load_address>
         <run_address>0x20001570</run_address>
         <size>0x40</size>
         <input_file_ref idref="fl-14"/>
      </object_component>
      <object_component id="oc-131">
         <name>.data</name>
         <load_address>0x20001648</load_address>
         <run_address>0x20001648</run_address>
         <size>0x1</size>
         <input_file_ref idref="fl-18"/>
      </object_component>
      <object_component id="oc-129">
         <name>.data:i2cConfig</name>
         <load_address>0x200015f8</load_address>
         <run_address>0x200015f8</run_address>
         <size>0x14</size>
         <input_file_ref idref="fl-18"/>
      </object_component>
      <object_component id="oc-f8">
         <name>.data</name>
         <load_address>0x200015e0</load_address>
         <run_address>0x200015e0</run_address>
         <size>0x18</size>
         <input_file_ref idref="fl-1a"/>
      </object_component>
      <object_component id="oc-1a6">
         <name>.data</name>
         <load_address>0x20001644</load_address>
         <run_address>0x20001644</run_address>
         <size>0x4</size>
         <input_file_ref idref="fl-27"/>
      </object_component>
      <object_component id="oc-2ab">
         <name>.data:$O1$$</name>
         <load_address>0x2000161c</load_address>
         <run_address>0x2000161c</run_address>
         <size>0xc</size>
         <input_file_ref idref="fl-ff"/>
      </object_component>
      <object_component id="oc-28f">
         <name>.data:$O1$$</name>
         <load_address>0x20001628</load_address>
         <run_address>0x20001628</run_address>
         <size>0x8</size>
         <input_file_ref idref="fl-100"/>
      </object_component>
      <object_component id="oc-292">
         <name>.data:_ftable</name>
         <load_address>0x200013b8</load_address>
         <run_address>0x200013b8</run_address>
         <size>0xf0</size>
         <input_file_ref idref="fl-104"/>
      </object_component>
      <object_component id="oc-551">
         <name>.data</name>
         <load_address>0x2000160c</load_address>
         <run_address>0x2000160c</run_address>
         <size>0x10</size>
         <input_file_ref idref="fl-104"/>
      </object_component>
      <object_component id="oc-587">
         <name>.data:$O1$$</name>
         <load_address>0x20001630</load_address>
         <run_address>0x20001630</run_address>
         <size>0x8</size>
         <input_file_ref idref="fl-107"/>
      </object_component>
      <object_component id="oc-3f0">
         <name>.data</name>
         <load_address>0x20001640</load_address>
         <run_address>0x20001640</run_address>
         <size>0x4</size>
         <input_file_ref idref="fl-10a"/>
      </object_component>
      <object_component id="oc-521">
         <name>.data:_device</name>
         <load_address>0x200014a8</load_address>
         <run_address>0x200014a8</run_address>
         <size>0x78</size>
         <input_file_ref idref="fl-10d"/>
      </object_component>
      <object_component id="oc-4e0">
         <name>.data:_stream</name>
         <load_address>0x20001520</load_address>
         <run_address>0x20001520</run_address>
         <size>0x50</size>
         <input_file_ref idref="fl-10d"/>
      </object_component>
      <object_component id="oc-222">
         <name>.bss</name>
         <uninitialized>true</uninitialized>
         <run_address>0x20000f9c</run_address>
         <size>0x4</size>
         <input_file_ref idref="fl-c"/>
      </object_component>
      <object_component id="oc-230">
         <name>.bss:mag_trim</name>
         <uninitialized>true</uninitialized>
         <run_address>0x20000f68</run_address>
         <size>0x10</size>
         <input_file_ref idref="fl-c"/>
      </object_component>
      <object_component id="oc-233">
         <name>.bss:akm_asa_data</name>
         <uninitialized>true</uninitialized>
         <run_address>0x20000fb0</run_address>
         <size>0x3</size>
         <input_file_ref idref="fl-c"/>
      </object_component>
      <object_component id="oc-236">
         <name>.bss:yas532_data</name>
         <uninitialized>true</uninitialized>
         <run_address>0x20000ee4</run_address>
         <size>0x70</size>
         <input_file_ref idref="fl-c"/>
      </object_component>
      <object_component id="oc-267">
         <name>.bss</name>
         <uninitialized>true</uninitialized>
         <run_address>0x20000f78</run_address>
         <size>0x8</size>
         <input_file_ref idref="fl-11"/>
      </object_component>
      <object_component id="oc-5d5">
         <name>.bss:_CIOBUF_</name>
         <uninitialized>true</uninitialized>
         <run_address>0x20000d24</run_address>
         <size>0x120</size>
         <input_file_ref idref="fl-11e"/>
      </object_component>
      <object_component id="oc-141">
         <name>.common:BumpTask</name>
         <uninitialized>true</uninitialized>
         <run_address>0x20000fa0</run_address>
         <size>0x4</size>
      </object_component>
      <object_component id="oc-1ee">
         <name>.common:Screen</name>
         <uninitialized>true</uninitialized>
         <run_address>0x20000b2c</run_address>
         <size>0x1f8</size>
      </object_component>
      <object_component id="oc-228">
         <name>.common:accel_fifo</name>
         <uninitialized>true</uninitialized>
         <run_address>0x200000e8</run_address>
         <size>0x36c</size>
      </object_component>
      <object_component id="oc-22b">
         <name>.common:gyro_fifo</name>
         <uninitialized>true</uninitialized>
         <run_address>0x20000454</run_address>
         <size>0x36c</size>
      </object_component>
      <object_component id="oc-22c">
         <name>.common:mag_fifo</name>
         <uninitialized>true</uninitialized>
         <run_address>0x200007c0</run_address>
         <size>0x36c</size>
      </object_component>
      <object_component id="oc-207">
         <name>.common:s_bmi160</name>
         <uninitialized>true</uninitialized>
         <run_address>0x20000f54</run_address>
         <size>0x14</size>
      </object_component>
      <object_component id="oc-20a">
         <name>.common:gyroxyz</name>
         <uninitialized>true</uninitialized>
         <run_address>0x20000f94</run_address>
         <size>0x6</size>
      </object_component>
      <object_component id="oc-20b">
         <name>.common:accelxyz</name>
         <uninitialized>true</uninitialized>
         <run_address>0x20000f8e</run_address>
         <size>0x6</size>
      </object_component>
      <object_component id="oc-12f">
         <name>.common:ui8Status</name>
         <uninitialized>true</uninitialized>
         <run_address>0x20000fb4</run_address>
         <size>0x1</size>
      </object_component>
      <object_component id="oc-12c">
         <name>.common:pData</name>
         <uninitialized>true</uninitialized>
         <run_address>0x20000fac</run_address>
         <size>0x4</size>
      </object_component>
      <object_component id="oc-134">
         <name>.common:ui8DummyRead</name>
         <uninitialized>true</uninitialized>
         <run_address>0x20000fb3</run_address>
         <size>0x1</size>
      </object_component>
      <object_component id="oc-130">
         <name>.common:g_ui32ByteCount</name>
         <uninitialized>true</uninitialized>
         <run_address>0x20000fa8</run_address>
         <size>0x4</size>
      </object_component>
      <object_component id="oc-111">
         <name>.common:lightRawData</name>
         <uninitialized>true</uninitialized>
         <run_address>0x20000f9a</run_address>
         <size>0x2</size>
      </object_component>
      <object_component id="oc-101">
         <name>.common:convertedLux</name>
         <uninitialized>true</uninitialized>
         <run_address>0x20000fa4</run_address>
         <size>0x4</size>
      </object_component>
      <object_component id="oc-fe">
         <name>.common:acc</name>
         <uninitialized>true</uninitialized>
         <run_address>0x20000f88</run_address>
         <size>0x6</size>
      </object_component>
      <object_component id="oc-59f">
         <name>.common:__TI_tmpnams</name>
         <uninitialized>true</uninitialized>
         <run_address>0x20000e44</run_address>
         <size>0xa0</size>
      </object_component>
      <object_component id="oc-5b0">
         <name>.common:parmbuf</name>
         <uninitialized>true</uninitialized>
         <run_address>0x20000f80</run_address>
         <size>0x8</size>
      </object_component>
      <object_component id="oc-29">
         <name>.sysmem</name>
         <uninitialized>true</uninitialized>
         <run_address>0x20001650</run_address>
         <size>0x10</size>
         <input_file_ref idref="fl-107"/>
      </object_component>
      <object_component id="oc-64f">
         <name>.sysmem</name>
         <uninitialized>true</uninitialized>
         <run_address>0x20001650</run_address>
         <size>0x0</size>
      </object_component>
      <object_component id="oc-2c">
         <name>.stack</name>
         <uninitialized>true</uninitialized>
         <run_address>0x2000fe00</run_address>
         <size>0x4</size>
         <input_file_ref idref="fl-10b"/>
      </object_component>
      <object_component id="oc-64e">
         <name>.stack</name>
         <uninitialized>true</uninitialized>
         <run_address>0x2000fe00</run_address>
         <size>0x0</size>
      </object_component>
      <object_component id="oc-142">
         <name>.debug_info</name>
         <load_address>0x0</load_address>
         <run_address>0x0</run_address>
         <size>0x7ff</size>
         <input_file_ref idref="fl-2"/>
      </object_component>
      <object_component id="oc-7e">
         <name>.debug_info</name>
         <load_address>0x7ff</load_address>
         <run_address>0x7ff</run_address>
         <size>0x516</size>
         <input_file_ref idref="fl-2"/>
      </object_component>
      <object_component id="oc-147">
         <name>.debug_info</name>
         <load_address>0xd15</load_address>
         <run_address>0xd15</run_address>
         <size>0x26b</size>
         <input_file_ref idref="fl-2"/>
      </object_component>
      <object_component id="oc-255">
         <name>.debug_info</name>
         <load_address>0xf80</load_address>
         <run_address>0xf80</run_address>
         <size>0x1055</size>
         <input_file_ref idref="fl-2"/>
      </object_component>
      <object_component id="oc-282">
         <name>.debug_info</name>
         <load_address>0x1fd5</load_address>
         <run_address>0x1fd5</run_address>
         <size>0x37e2</size>
         <input_file_ref idref="fl-2"/>
      </object_component>
      <object_component id="oc-27d">
         <name>.debug_info</name>
         <load_address>0x57b7</load_address>
         <run_address>0x57b7</run_address>
         <size>0x9a</size>
         <input_file_ref idref="fl-2"/>
      </object_component>
      <object_component id="oc-353">
         <name>.debug_info</name>
         <load_address>0x5851</load_address>
         <run_address>0x5851</run_address>
         <size>0x1b5</size>
         <input_file_ref idref="fl-2"/>
      </object_component>
      <object_component id="oc-3da">
         <name>.debug_info</name>
         <load_address>0x5a06</load_address>
         <run_address>0x5a06</run_address>
         <size>0xc6</size>
         <input_file_ref idref="fl-2"/>
      </object_component>
      <object_component id="oc-25a">
         <name>.debug_info</name>
         <load_address>0x5acc</load_address>
         <run_address>0x5acc</run_address>
         <size>0x341</size>
         <input_file_ref idref="fl-2"/>
      </object_component>
      <object_component id="oc-118">
         <name>.debug_info</name>
         <load_address>0x5e0d</load_address>
         <run_address>0x5e0d</run_address>
         <size>0x8b</size>
         <input_file_ref idref="fl-2"/>
      </object_component>
      <object_component id="oc-262">
         <name>.debug_info</name>
         <load_address>0x5e98</load_address>
         <run_address>0x5e98</run_address>
         <size>0x2a4</size>
         <input_file_ref idref="fl-2"/>
      </object_component>
      <object_component id="oc-136">
         <name>.debug_info</name>
         <load_address>0x613c</load_address>
         <run_address>0x613c</run_address>
         <size>0xef</size>
         <input_file_ref idref="fl-2"/>
      </object_component>
      <object_component id="oc-113">
         <name>.debug_info</name>
         <load_address>0x622b</load_address>
         <run_address>0x622b</run_address>
         <size>0xbb</size>
         <input_file_ref idref="fl-2"/>
      </object_component>
      <object_component id="oc-d2">
         <name>.debug_info</name>
         <load_address>0x62e6</load_address>
         <run_address>0x62e6</run_address>
         <size>0x403</size>
         <input_file_ref idref="fl-3"/>
      </object_component>
      <object_component id="oc-35">
         <name>.debug_info</name>
         <load_address>0x66e9</load_address>
         <run_address>0x66e9</run_address>
         <size>0x84</size>
         <input_file_ref idref="fl-5"/>
      </object_component>
      <object_component id="oc-d8">
         <name>.debug_info</name>
         <load_address>0x676d</load_address>
         <run_address>0x676d</run_address>
         <size>0x74c</size>
         <input_file_ref idref="fl-6"/>
      </object_component>
      <object_component id="oc-1ef">
         <name>.debug_info</name>
         <load_address>0x6eb9</load_address>
         <run_address>0x6eb9</run_address>
         <size>0x68b</size>
         <input_file_ref idref="fl-7"/>
      </object_component>
      <object_component id="oc-1ec">
         <name>.debug_info</name>
         <load_address>0x7544</load_address>
         <run_address>0x7544</run_address>
         <size>0x121</size>
         <input_file_ref idref="fl-7"/>
      </object_component>
      <object_component id="oc-1f2">
         <name>.debug_info</name>
         <load_address>0x7665</load_address>
         <run_address>0x7665</run_address>
         <size>0x123</size>
         <input_file_ref idref="fl-7"/>
      </object_component>
      <object_component id="oc-e0">
         <name>.debug_info</name>
         <load_address>0x7788</load_address>
         <run_address>0x7788</run_address>
         <size>0xea6</size>
         <input_file_ref idref="fl-7"/>
      </object_component>
      <object_component id="oc-2a3">
         <name>.debug_info</name>
         <load_address>0x862e</load_address>
         <run_address>0x862e</run_address>
         <size>0x2c</size>
         <input_file_ref idref="fl-7"/>
      </object_component>
      <object_component id="oc-2f6">
         <name>.debug_info</name>
         <load_address>0x865a</load_address>
         <run_address>0x865a</run_address>
         <size>0x117</size>
         <input_file_ref idref="fl-8"/>
      </object_component>
      <object_component id="oc-2f9">
         <name>.debug_info</name>
         <load_address>0x8771</load_address>
         <run_address>0x8771</run_address>
         <size>0x117</size>
         <input_file_ref idref="fl-8"/>
      </object_component>
      <object_component id="oc-1e0">
         <name>.debug_info</name>
         <load_address>0x8888</load_address>
         <run_address>0x8888</run_address>
         <size>0x2ee</size>
         <input_file_ref idref="fl-8"/>
      </object_component>
      <object_component id="oc-229">
         <name>.debug_info</name>
         <load_address>0x8b76</load_address>
         <run_address>0x8b76</run_address>
         <size>0x4f2</size>
         <input_file_ref idref="fl-c"/>
      </object_component>
      <object_component id="oc-23a">
         <name>.debug_info</name>
         <load_address>0x9068</load_address>
         <run_address>0x9068</run_address>
         <size>0x128</size>
         <input_file_ref idref="fl-c"/>
      </object_component>
      <object_component id="oc-223">
         <name>.debug_info</name>
         <load_address>0x9190</load_address>
         <run_address>0x9190</run_address>
         <size>0x11b</size>
         <input_file_ref idref="fl-c"/>
      </object_component>
      <object_component id="oc-231">
         <name>.debug_info</name>
         <load_address>0x92ab</load_address>
         <run_address>0x92ab</run_address>
         <size>0x11b</size>
         <input_file_ref idref="fl-c"/>
      </object_component>
      <object_component id="oc-22e">
         <name>.debug_info</name>
         <load_address>0x93c6</load_address>
         <run_address>0x93c6</run_address>
         <size>0x17b</size>
         <input_file_ref idref="fl-c"/>
      </object_component>
      <object_component id="oc-234">
         <name>.debug_info</name>
         <load_address>0x9541</load_address>
         <run_address>0x9541</run_address>
         <size>0x123</size>
         <input_file_ref idref="fl-c"/>
      </object_component>
      <object_component id="oc-226">
         <name>.debug_info</name>
         <load_address>0x9664</load_address>
         <run_address>0x9664</run_address>
         <size>0x128</size>
         <input_file_ref idref="fl-c"/>
      </object_component>
      <object_component id="oc-23d">
         <name>.debug_info</name>
         <load_address>0x978c</load_address>
         <run_address>0x978c</run_address>
         <size>0x137</size>
         <input_file_ref idref="fl-c"/>
      </object_component>
      <object_component id="oc-237">
         <name>.debug_info</name>
         <load_address>0x98c3</load_address>
         <run_address>0x98c3</run_address>
         <size>0x121</size>
         <input_file_ref idref="fl-c"/>
      </object_component>
      <object_component id="oc-f1">
         <name>.debug_info</name>
         <load_address>0x99e4</load_address>
         <run_address>0x99e4</run_address>
         <size>0x1ac56</size>
         <input_file_ref idref="fl-c"/>
      </object_component>
      <object_component id="oc-213">
         <name>.debug_info</name>
         <load_address>0x2463a</load_address>
         <run_address>0x2463a</run_address>
         <size>0x8f</size>
         <input_file_ref idref="fl-c"/>
      </object_component>
      <object_component id="oc-218">
         <name>.debug_info</name>
         <load_address>0x246c9</load_address>
         <run_address>0x246c9</run_address>
         <size>0x661</size>
         <input_file_ref idref="fl-c"/>
      </object_component>
      <object_component id="oc-208">
         <name>.debug_info</name>
         <load_address>0x24d2a</load_address>
         <run_address>0x24d2a</run_address>
         <size>0x1088</size>
         <input_file_ref idref="fl-d"/>
      </object_component>
      <object_component id="oc-ec">
         <name>.debug_info</name>
         <load_address>0x25db2</load_address>
         <run_address>0x25db2</run_address>
         <size>0x1c1f</size>
         <input_file_ref idref="fl-d"/>
      </object_component>
      <object_component id="oc-278">
         <name>.debug_info</name>
         <load_address>0x279d1</load_address>
         <run_address>0x279d1</run_address>
         <size>0x6c</size>
         <input_file_ref idref="fl-d"/>
[...]
         <object_component_ref idref="oc-31b"/>
      </symbol>
      <symbol id="sm-164f">
         <name>__aeabi_cdrcmple</name>
         <value>0x16a4b</value>
         <object_component_ref idref="oc-316"/>
      </symbol>
      <symbol id="sm-1663">
         <name>__aeabi_ddiv</name>
         <value>0x15a85</value>
         <object_component_ref idref="oc-40d"/>
      </symbol>
      <symbol id="sm-166e">
         <name>__aeabi_dmul</name>
         <value>0x16229</value>
         <object_component_ref idref="oc-107"/>
      </symbol>
      <symbol id="sm-1678">
         <name>__aeabi_d2iz</name>
         <value>0x17325</value>
         <object_component_ref idref="oc-10c"/>
      </symbol>
      <symbol id="sm-1684">
         <name>__aeabi_d2f</name>
         <value>0x16c9f</value>
         <object_component_ref idref="oc-200"/>
      </symbol>
      <symbol id="sm-168f">
         <name>__aeabi_f2d</name>
         <value>0x17571</value>
         <object_component_ref idref="oc-102"/>
      </symbol>
      <symbol id="sm-1699">
         <name>__aeabi_i2d</name>
         <value>0x176ad</value>
         <object_component_ref idref="oc-418"/>
      </symbol>
      <symbol id="sm-16b4">
         <name>memcpy</name>
         <value>0x16805</value>
         <object_component_ref idref="oc-3a"/>
      </symbol>
      <symbol id="sm-16b5">
         <name>__aeabi_memcpy</name>
         <value>0x16805</value>
         <object_component_ref idref="oc-3a"/>
      </symbol>
      <symbol id="sm-16b6">
         <name>__aeabi_memcpy8</name>
         <value>0x16805</value>
         <object_component_ref idref="oc-3a"/>
      </symbol>
      <symbol id="sm-16b7">
         <name>__aeabi_memcpy4</name>
         <value>0x16805</value>
         <object_component_ref idref="oc-3a"/>
      </symbol>
      <symbol id="sm-16c1">
         <name>__aeabi_ui2d</name>
         <value>0x177c7</value>
         <object_component_ref idref="oc-1f5"/>
      </symbol>
      <symbol id="sm-16ce">
         <name>__aeabi_uldivmod</name>
         <value>0x168a1</value>
         <object_component_ref idref="oc-407"/>
      </symbol>
      <symbol id="sm-16dd">
         <name>__aeabi_memset</name>
         <value>0x16ad3</value>
         <object_component_ref idref="oc-a0"/>
      </symbol>
      <symbol id="sm-16de">
         <name>memset</name>
         <value>0x16ad9</value>
         <object_component_ref idref="oc-a0"/>
      </symbol>
      <symbol id="sm-16df">
         <name>__aeabi_memset8</name>
         <value>0x16ad3</value>
         <object_component_ref idref="oc-a0"/>
      </symbol>
      <symbol id="sm-16e0">
         <name>__aeabi_memset4</name>
         <value>0x16ad3</value>
         <object_component_ref idref="oc-a0"/>
      </symbol>
      <symbol id="sm-16e1">
         <name>__aeabi_memclr8</name>
         <value>0x16ad1</value>
         <object_component_ref idref="oc-a0"/>
      </symbol>
      <symbol id="sm-16e2">
         <name>__aeabi_memclr4</name>
         <value>0x16ad1</value>
         <object_component_ref idref="oc-a0"/>
      </symbol>
      <symbol id="sm-16e3">
         <name>__aeabi_memclr</name>
         <value>0x16ad1</value>
         <object_component_ref idref="oc-a0"/>
      </symbol>
      <symbol id="sm-16f5">
         <name>__TI_zero_init</name>
         <value>0x178d7</value>
         <object_component_ref idref="oc-4c"/>
      </symbol>
      <symbol id="sm-170c">
         <name>__TI_decompress_none</name>
         <value>0x178bb</value>
         <object_component_ref idref="oc-1d"/>
      </symbol>
      <symbol id="sm-172f">
         <name>__TI_decompress_lzss</name>
         <value>0x16de1</value>
         <object_component_ref idref="oc-17"/>
      </symbol>
      <symbol id="sm-1755">
         <name>C$$EXIT</name>
         <value>0x1790f</value>
         <object_component_ref idref="oc-168"/>
      </symbol>
      <symbol id="sm-1756">
         <name>abort</name>
         <value>0x1790f</value>
         <object_component_ref idref="oc-168"/>
      </symbol>
      <symbol id="sm-1757">
         <name>__TI_dtors_ptr</name>
         <value>0x20001620</value>
         <object_component_ref idref="oc-2ab"/>
      </symbol>
      <symbol id="sm-1758">
         <name>__TI_cleanup_ptr</name>
         <value>0x2000161c</value>
         <object_component_ref idref="oc-2ab"/>
      </symbol>
      <symbol id="sm-1759">
         <name>__TI_enable_exit_profile_output</name>
         <value>0x20001624</value>
         <object_component_ref idref="oc-2ab"/>
      </symbol>
      <symbol id="sm-175a">
         <name>exit</name>
         <value>0x172dd</value>
         <object_component_ref idref="oc-16e"/>
      </symbol>
      <symbol id="sm-176f">
         <name>_nop</name>
         <value>0x11a9f</value>
         <object_component_ref idref="oc-39c"/>
      </symbol>
      <symbol id="sm-1770">
         <name>_lock</name>
         <value>0x20001628</value>
         <object_component_ref idref="oc-28f"/>
      </symbol>
      <symbol id="sm-1771">
         <name>_unlock</name>
         <value>0x2000162c</value>
         <object_component_ref idref="oc-28f"/>
      </symbol>
      <symbol id="sm-1780">
         <name>__TI_ltoa</name>
         <value>0x1719f</value>
         <object_component_ref idref="oc-412"/>
      </symbol>
      <symbol id="sm-1796">
         <name>atoi</name>
         <value>0x17291</value>
         <object_component_ref idref="oc-360"/>
      </symbol>
      <symbol id="sm-17a1">
         <name>_ctypes_</name>
         <value>0x18af8</value>
         <object_component_ref idref="oc-402"/>
      </symbol>
      <symbol id="sm-17b6">
         <name>__TI_tmpnams</name>
         <value>0x20000e44</value>
      </symbol>
      <symbol id="sm-17b7">
         <name>__aeabi_stdout</name>
         <value>0x20001614</value>
         <object_component_ref idref="oc-551"/>
      </symbol>
      <symbol id="sm-17b8">
         <name>__aeabi_stderr</name>
         <value>0x20001618</value>
         <object_component_ref idref="oc-551"/>
      </symbol>
      <symbol id="sm-17b9">
         <name>__aeabi_stdin</name>
         <value>0x20001610</value>
         <object_component_ref idref="oc-551"/>
      </symbol>
      <symbol id="sm-17ba">
         <name>_ftable</name>
         <value>0x200013b8</value>
         <object_component_ref idref="oc-292"/>
      </symbol>
      <symbol id="sm-17bb">
         <name>__TI_ft_end</name>
         <value>0x2000160c</value>
         <object_component_ref idref="oc-551"/>
      </symbol>
      <symbol id="sm-17cb">
         <name>memccpy</name>
         <value>0x17805</value>
         <object_component_ref idref="oc-384"/>
      </symbol>
      <symbol id="sm-17db">
         <name>memchr</name>
         <value>0x177a7</value>
         <object_component_ref idref="oc-470"/>
      </symbol>
      <symbol id="sm-1864">
         <name>_sys_memory</name>
         <value>0x20001650</value>
         <object_component_ref idref="oc-29"/>
      </symbol>
      <symbol id="sm-1865">
         <name>free</name>
         <value>0x1640d</value>
         <object_component_ref idref="oc-502"/>
      </symbol>
      <symbol id="sm-1866">
         <name>memalign</name>
         <value>0x1602d</value>
         <object_component_ref idref="oc-544"/>
      </symbol>
      <symbol id="sm-1867">
         <name>malloc</name>
         <value>0x178f5</value>
         <object_component_ref idref="oc-508"/>
      </symbol>
      <symbol id="sm-1868">
         <name>aligned_alloc</name>
         <value>0x1602d</value>
         <object_component_ref idref="oc-544"/>
      </symbol>
      <symbol id="sm-1878">
         <name>strchr</name>
         <value>0x1786b</value>
         <object_component_ref idref="oc-444"/>
      </symbol>
      <symbol id="sm-1886">
         <name>strlen</name>
         <value>0x17895</value>
         <object_component_ref idref="oc-35a"/>
      </symbol>
      <symbol id="sm-189c">
         <name>__aeabi_errno_addr</name>
         <value>0x178ed</value>
         <object_component_ref idref="oc-320"/>
      </symbol>
      <symbol id="sm-189d">
         <name>errno</name>
         <value>0x20001640</value>
         <object_component_ref idref="oc-3f0"/>
      </symbol>
      <symbol id="sm-18b0">
         <name>__stack</name>
         <value>0x2000fe00</value>
         <object_component_ref idref="oc-2c"/>
      </symbol>
      <symbol id="sm-18b1">
         <name>_c_int00_noargs</name>
         <value>0x17649</value>
         <object_component_ref idref="oc-58"/>
      </symbol>
      <symbol id="sm-18cb">
         <name>write</name>
         <value>0x17759</value>
         <object_component_ref idref="oc-47c"/>
      </symbol>
      <symbol id="sm-18dc">
         <name>_stream</name>
         <value>0x20001520</value>
         <object_component_ref idref="oc-4e0"/>
      </symbol>
      <symbol id="sm-18dd">
         <name>_device</name>
         <value>0x200014a8</value>
         <object_component_ref idref="oc-521"/>
      </symbol>
      <symbol id="sm-18ed">
         <name>__TI_doflush</name>
         <value>0x17245</value>
         <object_component_ref idref="oc-476"/>
      </symbol>
      <symbol id="sm-18fd">
         <name>__TI_cleanup</name>
         <value>0x175e1</value>
         <object_component_ref idref="oc-50e"/>
      </symbol>
      <symbol id="sm-190f">
         <name>fseek</name>
         <value>0x16f15</value>
         <object_component_ref idref="oc-4ce"/>
      </symbol>
      <symbol id="sm-1919">
         <name>copysign</name>
         <value>0x17821</value>
         <object_component_ref idref="oc-4b6"/>
      </symbol>
      <symbol id="sm-191a">
         <name>copysignl</name>
         <value>0x17821</value>
         <object_component_ref idref="oc-4b6"/>
      </symbol>
      <symbol id="sm-1924">
         <name>__aeabi_idiv0</name>
         <value>0x157db</value>
         <object_component_ref idref="oc-4a1"/>
      </symbol>
      <symbol id="sm-1925">
         <name>__aeabi_ldiv0</name>
         <value>0x157db</value>
         <object_component_ref idref="oc-4a1"/>
      </symbol>
      <symbol id="sm-194d">
         <name>__TI_auto_init_nobinit_nopinit</name>
         <value>0x173f5</value>
         <object_component_ref idref="oc-174"/>
      </symbol>
      <symbol id="sm-1957">
         <name>_system_pre_init</name>
         <value>0x1790b</value>
         <object_component_ref idref="oc-a6"/>
      </symbol>
      <symbol id="sm-196a">
         <name>HOSTclose</name>
         <value>0x1736d</value>
         <object_component_ref idref="oc-55d"/>
      </symbol>
      <symbol id="sm-197b">
         <name>HOSTlseek</name>
         <value>0x16d79</value>
         <object_component_ref idref="oc-56f"/>
      </symbol>
      <symbol id="sm-198d">
         <name>parmbuf</name>
         <value>0x20000f80</value>
      </symbol>
      <symbol id="sm-198e">
         <name>HOSTopen</name>
         <value>0x16fdd</value>
         <object_component_ref idref="oc-557"/>
      </symbol>
      <symbol id="sm-199f">
         <name>HOSTread</name>
         <value>0x17099</value>
         <object_component_ref idref="oc-563"/>
      </symbol>
      <symbol id="sm-19b0">
         <name>HOSTrename</name>
         <value>0x16d0d</value>
         <object_component_ref idref="oc-57b"/>
      </symbol>
      <symbol id="sm-19c1">
         <name>HOSTunlink</name>
         <value>0x173b1</value>
         <object_component_ref idref="oc-575"/>
      </symbol>
      <symbol id="sm-19d2">
         <name>HOSTwrite</name>
         <value>0x170f1</value>
         <object_component_ref idref="oc-569"/>
      </symbol>
      <symbol id="sm-19f6">
         <name>__TI_readmsg</name>
         <value>0x17615</value>
         <object_component_ref idref="oc-5aa"/>
      </symbol>
      <symbol id="sm-19f7">
         <name>C$$IO$$</name>
         <value>0x17567</value>
         <object_component_ref idref="oc-5a4"/>
      </symbol>
      <symbol id="sm-19f8">
         <name>__CIOBUF_</name>
         <value>0x20000d24</value>
         <object_component_ref idref="oc-5d5"/>
      </symbol>
      <symbol id="sm-19f9">
         <name>__TI_writemsg</name>
         <value>0x17539</value>
         <object_component_ref idref="oc-5a4"/>
      </symbol>
      <symbol id="sm-1a0a">
         <name>lseek</name>
         <value>0x17731</value>
         <object_component_ref idref="oc-4fa"/>
      </symbol>
      <symbol id="sm-1a1f">
         <name>__TI_closefile</name>
         <value>0x16b4d</value>
         <object_component_ref idref="oc-54b"/>
      </symbol>
      <symbol id="sm-1a42">
         <name>finddevice</name>
         <value>0x1767d</value>
         <object_component_ref idref="oc-5f3"/>
      </symbol>
      <symbol id="sm-1a43">
         <name>getdevice</name>
         <value>0x17439</value>
         <object_component_ref idref="oc-5cb"/>
      </symbol>
      <symbol id="sm-1a52">
         <name>strcmp</name>
         <value>0x17853</value>
         <object_component_ref idref="oc-60a"/>
      </symbol>
      <symbol id="sm-1a60">
         <name>strcpy</name>
         <value>0x17881</value>
         <object_component_ref idref="oc-5be"/>
      </symbol>
      <symbol id="sm-1a70">
         <name>strncpy</name>
         <value>0x175a9</value>
         <object_component_ref idref="oc-5ed"/>
      </symbol>
      <symbol id="sm-1a85">
         <name>close</name>
         <value>0x1703d</value>
         <object_component_ref idref="oc-593"/>
      </symbol>
      <symbol id="sm-1a95">
         <name>unlink</name>
         <value>0x176dd</value>
         <object_component_ref idref="oc-599"/>
      </symbol>
      <symbol id="sm-1a96">
         <name>__TI_static_base__</name>
         <value>0x0</value>
      </symbol>
      <symbol id="sm-1a99">
         <name>__mpu_init</name>
         <value>0x0</value>
      </symbol>
      <symbol id="sm-1a9a">
         <name>_system_post_cinit</name>
         <value>0x0</value>
      </symbol>
      <symbol id="sm-1a9b">
         <name>NMI_Handler</name>
         <value>0x178d5</value>
      </symbol>
      <symbol id="sm-1a9c">
         <name>HardFault_Handler</name>
         <value>0x178d5</value>
      </symbol>
      <symbol id="sm-1a9d">
         <name>MemManage_Handler</name>
         <value>0x178d5</value>
      </symbol>
      <symbol id="sm-1a9e">
         <name>BusFault_Handler</name>
         <value>0x178d5</value>
      </symbol>
      <symbol id="sm-1a9f">
         <name>UsageFault_Handler</name>
         <value>0x178d5</value>
      </symbol>
      <symbol id="sm-1aa0">
         <name>SVC_Handler</name>
         <value>0x178d5</value>
      </symbol>
      <symbol id="sm-1aa1">
         <name>DebugMon_Handler</name>
         <value>0x178d5</value>
      </symbol>
      <symbol id="sm-1aa2">
         <name>PendSV_Handler</name>
         <value>0x178d5</value>
      </symbol>
      <symbol id="sm-1aa3">
         <name>SysTick_Handler</name>
         <value>0x178d5</value>
      </symbol>
      <symbol id="sm-1aa4">
         <name>PSS_IRQHandler</name>
         <value>0x178d5</value>
      </symbol>
      <symbol id="sm-1aa5">
         <name>CS_IRQHandler</name>
         <value>0x178d5</value>
      </symbol>
      <symbol id="sm-1aa6">
         <name>PCM_IRQHandler</name>
         <value>0x178d5</value>
      </symbol>
      <symbol id="sm-1aa7">
         <name>WDT_A_IRQHandler</name>
         <value>0x178d5</value>
      </symbol>
      <symbol id="sm-1aa8">
         <name>FPU_IRQHandler</name>
         <value>0x178d5</value>
      </symbol>
      <symbol id="sm-1aa9">
         <name>FLCTL_IRQHandler</name>
         <value>0x178d5</value>
      </symbol>
      <symbol id="sm-1aaa">
         <name>COMP_E0_IRQHandler</name>
         <value>0x178d5</value>
      </symbol>
      <symbol id="sm-1aab">
         <name>COMP_E1_IRQHandler</name>
         <value>0x178d5</value>
      </symbol>
      <symbol id="sm-1aac">
         <name>TA0_0_IRQHandler</name>
         <value>0x178d5</value>
      </symbol>
      <symbol id="sm-1aad">
         <name>TA0_N_IRQHandler</name>
         <value>0x178d5</value>
      </symbol>
      <symbol id="sm-1aae">
         <name>TA1_0_IRQHandler</name>
         <value>0x10f67</value>
      </symbol>
      <symbol id="sm-1aaf">
         <name>TA1_N_IRQHandler</name>
         <value>0x178d5</value>
      </symbol>
      <symbol id="sm-1ab0">
         <name>TA2_0_IRQHandler</name>
         <value>0x178d5</value>
      </symbol>
      <symbol id="sm-1ab1">
         <name>TA2_N_IRQHandler</name>
         <value>0x178d5</value>
      </symbol>
      <symbol id="sm-1ab2">
         <name>TA3_0_IRQHandler</name>
         <value>0x178d5</value>
      </symbol>
      <symbol id="sm-1ab3">
         <name>TA3_N_IRQHandler</name>
         <value>0x178d5</value>
      </symbol>
      <symbol id="sm-1ab4">
         <name>EUSCIA0_IRQHandler</name>
         <value>0x178d5</value>
      </symbol>
      <symbol id="sm-1ab5">
         <name>EUSCIA1_IRQHandler</name>
         <value>0x178d5</value>
      </symbol>
      <symbol id="sm-1ab6">
         <name>EUSCIA2_IRQHandler</name>
         <value>0x178d5</value>
      </symbol>
      <symbol id="sm-1ab7">
         <name>EUSCIA3_IRQHandler</name>
         <value>0x178d5</value>
      </symbol>
      <symbol id="sm-1ab8">
         <name>EUSCIB0_IRQHandler</name>
         <value>0x178d5</value>
      </symbol>
      <symbol id="sm-1ab9">
         <name>EUSCIB1_IRQHandler</name>
         <value>0x1455d</value>
      </symbol>
      <symbol id="sm-1aba">
         <name>EUSCIB2_IRQHandler</name>
         <value>0x178d5</value>
      </symbol>
      <symbol id="sm-1abb">
         <name>EUSCIB3_IRQHandler</name>
         <value>0x178d5</value>
      </symbol>
      <symbol id="sm-1abc">
         <name>ADC14_IRQHandler</name>
         <value>0x178d5</value>
      </symbol>
      <symbol id="sm-1abd">
         <name>T32_INT1_IRQHandler</name>
         <value>0x178d5</value>
      </symbol>
      <symbol id="sm-1abe">
         <name>T32_INT2_IRQHandler</name>
         <value>0x178d5</value>
      </symbol>
      <symbol id="sm-1abf">
         <name>T32_INTC_IRQHandler</name>
         <value>0x178d5</value>
      </symbol>
      <symbol id="sm-1ac0">
         <name>AES256_IRQHandler</name>
         <value>0x178d5</value>
      </symbol>
      <symbol id="sm-1ac1">
         <name>RTC_C_IRQHandler</name>
         <value>0x178d5</value>
      </symbol>
      <symbol id="sm-1ac2">
         <name>DMA_ERR_IRQHandler</name>
         <value>0x178d5</value>
      </symbol>
      <symbol id="sm-1ac3">
         <name>DMA_INT3_IRQHandler</name>
         <value>0x178d5</value>
      </symbol>
      <symbol id="sm-1ac4">
         <name>DMA_INT2_IRQHandler</name>
         <value>0x178d5</value>
      </symbol>
      <symbol id="sm-1ac5">
         <name>DMA_INT1_IRQHandler</name>
         <value>0x178d5</value>
      </symbol>
      <symbol id="sm-1ac6">
         <name>DMA_INT0_IRQHandler</name>
         <value>0x178d5</value>
      </symbol>
      <symbol id="sm-1ac7">
         <name>PORT1_IRQHandler</name>
         <value>0x178d5</value>
      </symbol>
      <symbol id="sm-1ac8">
         <name>PORT2_IRQHandler</name>
         <value>0x178d5</value>
      </symbol>
      <symbol id="sm-1ac9">
         <name>PORT3_IRQHandler</name>
         <value>0x178d5</value>
      </symbol>
      <symbol id="sm-1aca">
         <name>PORT4_IRQHandler</name>
         <value>0x15ca7</value>
      </symbol>
      <symbol id="sm-1acb">
         <name>PORT5_IRQHandler</name>
         <value>0x178d5</value>
      </symbol>
      <symbol id="sm-1acc">
         <name>PORT6_IRQHandler</name>
         <value>0x178d5</value>
      </symbol>
      <symbol id="sm-1acd">
         <name>remove</name>
         <value>0x176dd</value>
      </symbol>
   </symbol_table>
   <title>Link successful</title>
</link_info>
